Connected to domain 'l1v4-18'
Escape character is ^] (Ctrl + ])

l1v418 login: 
l1v418 login: 
l1v418 login: (XEN) MCE: d0v1: rd MCG_CAP 0x1000c02
(XEN) MCE: d0v0: rd MCG_CAP 0x1000c02
[ 2273.991911] systemd-shutdown[1]: Failed to acquire terminal, using /dev/null stdin/stdout/stderr instead: Inappropriate ioctl for device
[ 2274.170466] reboot: Restarting system
(XEN) Hardware Dom0 shutdown: rebooting machine
(XEN) Resetting with ACPI MEMORY or I/O RESET_REG.
 Xen 4.18.1-pre
(XEN) Xen version 4.18.1-pre (charles.fg@EFFECTOR) (gcc (Ubuntu 9.4.0-1ubuntu1~20.04.2) 9.4.0) debug=y Fri Aug  2 22:09:35 WEST 2024
(XEN) Latest ChangeSet: Wed Jul 24 14:53:27 2024 +0100 git:b7fc17dd65-dirty
(XEN) build-id: af94ffc7f83c28881afc33a2508d4d4187eb9d2d
(XEN) Console output is synchronous.
(XEN) Bootloader: GRUB 2.04-1ubuntu26.17
(XEN) Command line: placeholder dom0_mem=2048M,max:2048M loglvl=all guest_loglvl=all dom0_max_vcpus=2 sync_console mce_verbosity=verbose mce=off console=com1
(XEN) Xen image load base address: 0x7f200000
(XEN) Video information:
(XEN)  VGA is text mode 80x25, font 8x16
(XEN) Disc information:
(XEN)  Found 1 MBR signatures
(XEN)  Found 1 EDD information structures
(XEN) CPU Vendor: Intel, Family 6 (0x6), Model 191 (0xbf), Stepping 2 (raw 000b06f2)
(XEN) Xen-e820 RAM map:
(XEN)  [0000000000000000, 000000000009fbff] (usable)
(XEN)  [000000000009fc00, 000000000009ffff] (reserved)
(XEN)  [00000000000f0000, 00000000000fffff] (reserved)
(XEN)  [0000000000100000, 000000007ffdbfff] (usable)
(XEN)  [000000007ffdc000, 000000007fffffff] (reserved)
(XEN)  [00000000b0000000, 00000000bfffffff] (reserved)
(XEN)  [00000000fed1c000, 00000000fed1ffff] (reserved)
(XEN)  [00000000feffc000, 00000000feffffff] (reserved)
(XEN)  [00000000fffc0000, 00000000ffffffff] (reserved)
(XEN)  [0000000100000000, 00000003809fffff] (usable)
(XEN) ACPI: RSDP 000F5A70, 0014 (r0 BOCHS )
(XEN) ACPI: RSDT 7FFE1F64, 0034 (r1 BOCHS  BXPC            1 BXPC        1)
(XEN) ACPI: FACP 7FFE1D3C, 00F4 (r3 BOCHS  BXPC            1 BXPC        1)
(XEN) ACPI: DSDT 7FFDFBC0, 217C (r1 BOCHS  BXPC            1 BXPC        1)
(XEN) ACPI: FACS 7FFDFB80, 0040
(XEN) ACPI: APIC 7FFE1E30, 00D0 (r1 BOCHS  BXPC            1 BXPC        1)
(XEN) ACPI: MCFG 7FFE1F00, 003C (r1 BOCHS  BXPC            1 BXPC        1)
(XEN) ACPI: WAET 7FFE1F3C, 0028 (r1 BOCHS  BXPC            1 BXPC        1)
(XEN) System RAM: 12297MB (12592620kB)
(XEN) No NUMA configuration found
(XEN) Faking a node at 0000000000000000-0000000380a00000
(XEN) Domain heap initialised
(XEN) found SMP MP-table at 000f5ab0
(XEN) DMI 2.8 present.
(XEN) Using APIC driver bigsmp
(XEN) ACPI: PM-Timer IO Port: 0x608 (24 bits)
(XEN) ACPI: SLEEP INFO: pm1x_cnt[1:604,1:0], pm1x_evt[1:600,1:0]
(XEN) ACPI: 32/64X FACS address mismatch in FADT - 7ffdfb80/0000000000000000, using 32
(XEN) ACPI:             wakeup_vec[7ffdfb8c], vec_size[20]
(XEN) ACPI: Local APIC address 0xfee00000
(XEN) ACPI: IOAPIC (id[0x00] address[0xfec00000] gsi_base[0])
(XEN) IOAPIC[0]: apic_id 0, version 17, address 0xfec00000, GSI 0-23
(XEN) ACPI: INT_SRC_OVR (bus 0 bus_irq 0 global_irq 2 dfl dfl)
(XEN) ACPI: INT_SRC_OVR (bus 0 bus_irq 5 global_irq 5 high level)
(XEN) ACPI: INT_SRC_OVR (bus 0 bus_irq 9 global_irq 9 high level)
(XEN) ACPI: INT_SRC_OVR (bus 0 bus_irq 10 global_irq 10 high level)
(XEN) ACPI: INT_SRC_OVR (bus 0 bus_irq 11 global_irq 11 high level)
(XEN) ACPI: IRQ0 used by override.
(XEN) ACPI: IRQ2 used by override.
(XEN) ACPI: IRQ5 used by override.
(XEN) ACPI: IRQ9 used by override.
(XEN) ACPI: IRQ10 used by override.
(XEN) ACPI: IRQ11 used by override.
(XEN) PCI: MCFG configuration 0: base b0000000 segment 0000 buses 00 - ff
(XEN) PCI: MCFG area at b0000000 reserved in E820
(XEN) PCI: Using MCFG for segment 0000 bus 00-ff
(XEN) Using ACPI (MADT) for SMP configuration information
(XEN) SMP: Allowing 12 CPUs (0 hotplug CPUs)
(XEN) IRQ limits: 24 GSI, 2472 MSI/MSI-X
(XEN) Switched to APIC driver x2apic_mixed
(XEN) xstate: size: 0xa88 and states: 0x207
(XEN) MCE support disabled by bootparam
(XEN) Unrecognised CPU model 0xbf - assuming vulnerable to LazyFPU
(XEN) Mitigating GDS by disabling AVX while virtualised - protections are best-effort
(XEN) Speculative mitigation facilities:
(XEN)   Hardware hints: RDCL_NO EIBRS SKIP_L1DFL MDS_NO
(XEN)   Hardware features: IBPB IBRS STIBP SSBD MD_CLEAR
(XEN)   Compiled-in support: INDIRECT_THUNK SHADOW_PAGING
(XEN)   Xen settings: BTI-Thunk JMP, SPEC_CTRL: IBRS+ STIBP+ SSBD-, Other: IBPB-ctxt BRANCH_HARDEN
(XEN)   Support for HVM VMs: MSR_SPEC_CTRL MSR_VIRT_SPEC_CTRL RSB EAGER_FPU
(XEN)   Support for PV VMs: MSR_SPEC_CTRL EAGER_FPU
(XEN)   XPTI (64-bit PV only): Dom0 disabled, DomU disabled (without PCID)
(XEN)   PV L1TF shadowing: Dom0 disabled, DomU disabled
(XEN) Using scheduler: SMP Credit Scheduler rev2 (credit2)
(XEN) Initializing Credit2 scheduler
(XEN)  load_precision_shift: 18
(XEN)  load_window_shift: 30
(XEN)  underload_balance_tolerance: 0
(XEN)  overload_balance_tolerance: -3
(XEN)  runqueues arrangement: socket
(XEN)  cap enforcement granularity: 10ms
(XEN) load tracking window length 1073741824 ns
(XEN) Platform timer is 3.580MHz ACPI PM Timer
(XEN) Detected 2496.009 MHz processor.
(XEN) Freed 1024kB unused BSS memory
(XEN) alt table ffff82d040485f38 -> ffff82d040494114
(XEN) I/O virtualisation disabled
(XEN) nr_sockets: 12
(XEN) Enabling APIC mode.  Using 1 I/O APICs
(XEN) ENABLING IO-APIC IRQs
(XEN)  -> Using new ACK method
(XEN) ..TIMER: vector=0xF0 apic1=0 pin1=2 apic2=-1 pin2=-1
(XEN) TSC deadline timer enabled
(XEN) Allocated console ring of 128 KiB.
(XEN) mwait-idle: does not run on family 6 model 191
(XEN) VMX: Supported advanced features:
(XEN)  - APIC MMIO access virtualisation
(XEN)  - APIC TPR shadow
(XEN)  - Extended Page Tables (EPT)
(XEN)  - Virtual-Processor Identifiers (VPID)
(XEN)  - Virtual NMI
(XEN)  - MSR direct-access bitmap
(XEN)  - Unrestricted Guest
(XEN)  - APIC Register Virtualization
(XEN)  - Virtual Interrupt Delivery
(XEN)  - Posted Interrupt Processing
(XEN)  - VMCS shadowing
(XEN)  - VM Functions
(XEN)  - Page Modification Logging
(XEN)  - TSC Scaling
(XEN) HVM: ASIDs enabled.
(XEN) HVM: VMX enabled
(XEN) HVM: Hardware Assisted Paging (HAP) detected
(XEN) HVM: HAP page sizes: 4kB, 2MB, 1GB
(XEN) alt table ffff82d040485f38 -> ffff82d040494114
(XEN) Brought up 12 CPUs
(XEN) Scheduling granularity: cpu, 1 CPU per sched-resource
(XEN) Initializing Credit2 scheduler
(XEN)  load_precision_shift: 18
(XEN)  load_window_shift: 30
(XEN)  underload_balance_tolerance: 0
(XEN)  overload_balance_tolerance: -3
(XEN)  runqueues arrangement: socket
(XEN)  cap enforcement granularity: 10ms
(XEN) load tracking window length 1073741824 ns
(XEN) Adding cpu 0 to runqueue 0
(XEN)  First cpu on runqueue, activating
(XEN) Adding cpu 1 to runqueue 1
(XEN)  First cpu on runqueue, activating
(XEN) Adding cpu 2 to runqueue 2
(XEN)  First cpu on runqueue, activating
(XEN) Adding cpu 3 to runqueue 3
(XEN)  First cpu on runqueue, activating
(XEN) Adding cpu 4 to runqueue 4
(XEN)  First cpu on runqueue, activating
(XEN) Adding cpu 5 to runqueue 5
(XEN)  First cpu on runqueue, activating
(XEN) Adding cpu 6 to runqueue 6
(XEN)  First cpu on runqueue, activating
(XEN) Adding cpu 7 to runqueue 7
(XEN)  First cpu on runqueue, activating
(XEN) Adding cpu 8 to runqueue 8
(XEN)  First cpu on runqueue, activating
(XEN) Adding cpu 9 to runqueue 9
(XEN)  First cpu on runqueue, activating
(XEN) Adding cpu 10 to runqueue 10
(XEN)  First cpu on runqueue, activating
(XEN) Adding cpu 11 to runqueue 11
(XEN)  First cpu on runqueue, activating
(XEN) Running stub recovery selftests...
(XEN) Fixup #UD[0000]: ffff82d07fffe044 [ffff82d07fffe044] -> ffff82d04038ddd1
(XEN) Fixup #GP[0000]: ffff82d07fffe045 [ffff82d07fffe045] -> ffff82d04038ddd1
(XEN) Fixup #SS[0000]: ffff82d07fffe044 [ffff82d07fffe044] -> ffff82d04038ddd1
(XEN) Fixup #BP[0000]: ffff82d07fffe045 [ffff82d07fffe045] -> ffff82d04038ddd1
(XEN) NX (Execute Disable) protection active
(XEN) Dom0 has maximum 440 PIRQs
(XEN) *** Building a PV Dom0 ***
(XEN) ELF: phdr: paddr=0x1000000 memsz=0x1916f0d
(XEN) ELF: phdr: paddr=0x2a00000 memsz=0x26f000
(XEN) ELF: phdr: paddr=0x2c6f000 memsz=0x33000
(XEN) ELF: phdr: paddr=0x2ca2000 memsz=0x195e000
(XEN) ELF: memory: 0x1000000 -> 0x4600000
(XEN) ELF: note: GUEST_OS = "linux"
(XEN) ELF: note: GUEST_VERSION = "2.6"
(XEN) ELF: note: XEN_VERSION = "xen-3.0"
(XEN) ELF: note: VIRT_BASE = 0xffffffff80000000
(XEN) ELF: note: INIT_P2M = 0x8000000000
(XEN) ELF: note: ENTRY = 0xffffffff82ca2180
(XEN) ELF: note: HYPERCALL_PAGE = 0xffffffff81002000
(XEN) ELF: note: FEATURES = "!writable_page_tables|pae_pgdir_above_4gb"
(XEN) ELF: note: SUPPORTED_FEATURES = 0x8801
(XEN) ELF: note: PAE_MODE = "yes"
(XEN) ELF: note: LOADER = "generic"
(XEN) ELF: note: L1_MFN_VALID = 0
(XEN) ELF: note: SUSPEND_CANCEL = 0x1
(XEN) ELF: note: MOD_START_PFN = 0x1
(XEN) ELF: note: HV_START_LOW = 0xffff800000000000
(XEN) ELF: note: PADDR_OFFSET = 0
(XEN) ELF: note: PHYS32_ENTRY = 0x1000470
(XEN) ELF: addresses:
(XEN)     virt_base        = 0xffffffff80000000
(XEN)     elf_paddr_offset = 0x0
(XEN)     virt_offset      = 0xffffffff80000000
(XEN)     virt_kstart      = 0xffffffff81000000
(XEN)     virt_kend        = 0xffffffff84600000
(XEN)     virt_entry       = 0xffffffff82ca2180
(XEN)     p2m_base         = 0x8000000000
(XEN)  Xen  kernel: 64-bit, lsb
(XEN)  Dom0 kernel: 64-bit, lsb, paddr 0x1000000 -> 0x4600000
(XEN) PHYSICAL MEMORY ARRANGEMENT:
(XEN)  Dom0 alloc.:   0000000360000000->0000000368000000 (469529 pages to be allocated)
(XEN)  Init. ramdisk: 000000037b419000->00000003809ffceb
(XEN) VIRTUAL MEMORY ARRANGEMENT:
(XEN)  Loaded kernel: ffffffff81000000->ffffffff84600000
(XEN)  Phys-Mach map: 0000008000000000->0000008000400000
(XEN)  Start info:    ffffffff84600000->ffffffff846004b8
(XEN)  Page tables:   ffffffff84601000->ffffffff84628000
(XEN)  Boot stack:    ffffffff84628000->ffffffff84629000
(XEN)  TOTAL:         ffffffff80000000->ffffffff84800000
(XEN)  ENTRY ADDRESS: ffffffff82ca2180
(XEN) Dom0 has maximum 2 VCPUs
(XEN) ELF: phdr 0 at 0xffffffff81000000 -> 0xffffffff82916f0d
(XEN) ELF: phdr 1 at 0xffffffff82a00000 -> 0xffffffff82c6f000
(XEN) ELF: phdr 2 at 0xffffffff82c6f000 -> 0xffffffff82ca2000
(XEN) ELF: phdr 3 at 0xffffffff82ca2000 -> 0xffffffff84600000
(XEN) Initial low memory virq threshold set at 0x4000 pages.
(XEN) Scrubbing Free RAM in background
(XEN) Std. Loglevel: All
(XEN) Guest Loglevel: All
(XEN) ***************************************************
(XEN) WARNING: CONSOLE OUTPUT IS SYNCHRONOUS
(XEN) This option is intended to aid debugging of Xen by ensuring
(XEN) that all output is synchronously delivered on the serial line.
(XEN) However it can introduce SIGNIFICANT latencies and affect
(XEN) timekeeping. It is NOT recommended for production use!
(XEN) ***************************************************
(XEN) 3... 2... 1... 
(XEN) *** Serial input to DOM0 (type 'CTRL-a' three times to switch input)
(XEN) Freed 656kB init memory
mapping kernel into physical memory
about to get started...
[    0.000000] Linux version 5.4.0-190-generic (buildd@lcy02-amd64-039) (gcc version 9.4.0 (Ubuntu 9.4.0-1ubuntu1~20.04.2)) #210-Ubuntu SMP Fri Jul 5 17:03:38 UTC 2024 (Ubuntu 5.4.0-190.210-generic 5.4.275)
[    0.000000] Command line: placeholder root=/dev/mapper/ubuntu--vg-ubuntu--lv ro console=ttyS0,115200n8--debug
[    0.000000] KERNEL supported cpus:
[    0.000000]   Intel GenuineIntel
[    0.000000]   AMD AuthenticAMD
[    0.000000]   Hygon HygonGenuine
[    0.000000]   Centaur CentaurHauls
[    0.000000]   zhaoxin   Shanghai  
[    0.000000] Released 0 page(s)
[    0.000000] BIOS-provided physical RAM map:
[    0.000000] Xen: [mem 0x0000000000000000-0x000000000009efff] usable
[    0.000000] Xen: [mem 0x000000000009fc00-0x00000000000fffff] reserved
[    0.000000] Xen: [mem 0x0000000000100000-0x000000007ffdbfff] usable
[    0.000000] Xen: [mem 0x000000007ffdc000-0x000000007fffffff] reserved
[    0.000000] Xen: [mem 0x00000000b0000000-0x00000000bfffffff] reserved
[    0.000000] Xen: [mem 0x00000000fec00000-0x00000000fec00fff] reserved
[    0.000000] Xen: [mem 0x00000000fed1c000-0x00000000fed1ffff] reserved
[    0.000000] Xen: [mem 0x00000000fee00000-0x00000000feefffff] reserved
[    0.000000] Xen: [mem 0x00000000feffc000-0x00000000feffffff] reserved
[    0.000000] Xen: [mem 0x00000000fffc0000-0x00000000ffffffff] reserved
[    0.000000] Xen: [mem 0x0000000100000000-0x0000000100084fff] usable
[    0.000000] NX (Execute Disable) protection: active
[    0.000000] SMBIOS 2.8 present.
[    0.000000] DMI: QEMU Standard PC (Q35 + ICH9, 2009), BIOS 1.15.0-1 04/01/2014
[    0.000000] Hypervisor detected: Xen PV
[    0.024706] tsc: Fast TSC calibration using PIT
[    0.024707] tsc: Detected 2495.984 MHz processor
[    0.024707] tsc: Detected 2496.008 MHz TSC
[    0.025863] last_pfn = 0x100085 max_arch_pfn = 0x400000000
[    0.025863] Disabled
[    0.025864] x86/PAT: MTRRs disabled, skipping PAT initialization too.
[    0.025866] x86/PAT: Configuration [0-7]: WB  WT  UC- UC  WC  WP  UC  UC  
[    0.025867] last_pfn = 0x7ffdc max_arch_pfn = 0x400000000
[    0.025923] check: Scanning 1 areas for low memory corruption
[    0.261050] RAMDISK: [mem 0x08000000-0x0d5e6fff]
[    0.261054] ACPI: Early table checksum verification disabled
[    0.261145] ACPI: RSDP 0x00000000000F5A70 000014 (v00 BOCHS )
[    0.261150] ACPI: RSDT 0x000000007FFE1F64 000034 (v01 BOCHS  BXPC     00000001 BXPC 00000001)
[    0.261157] ACPI: FACP 0x000000007FFE1D3C 0000F4 (v03 BOCHS  BXPC     00000001 BXPC 00000001)
[    0.261166] ACPI: DSDT 0x000000007FFDFBC0 00217C (v01 BOCHS  BXPC     00000001 BXPC 00000001)
[    0.261171] ACPI: FACS 0x000000007FFDFB80 000040
[    0.261176] ACPI: APIC 0x000000007FFE1E30 0000D0 (v01 BOCHS  BXPC     00000001 BXPC 00000001)
[    0.261181] ACPI: MCFG 0x000000007FFE1F00 00003C (v01 BOCHS  BXPC     00000001 BXPC 00000001)
[    0.261186] ACPI: WAET 0x000000007FFE1F3C 000028 (v01 BOCHS  BXPC     00000001 BXPC 00000001)
[    0.261189] ACPI: Reserving FACP table memory at [mem 0x7ffe1d3c-0x7ffe1e2f]
[    0.261189] ACPI: Reserving DSDT table memory at [mem 0x7ffdfbc0-0x7ffe1d3b]
[    0.261190] ACPI: Reserving FACS table memory at [mem 0x7ffdfb80-0x7ffdfbbf]
[    0.261190] ACPI: Reserving APIC table memory at [mem 0x7ffe1e30-0x7ffe1eff]
[    0.261191] ACPI: Reserving MCFG table memory at [mem 0x7ffe1f00-0x7ffe1f3b]
[    0.261191] ACPI: Reserving WAET table memory at [mem 0x7ffe1f3c-0x7ffe1f63]
[    0.261216] Setting APIC routing to Xen PV.
[    0.261233] NUMA turned off
[    0.261234] Faking a node at [mem 0x0000000000000000-0x0000000100084fff]
[    0.261238] NODE_DATA(0) allocated [mem 0x7ffaf000-0x7ffd9fff]
[    0.265893] Zone ranges:
[    0.265894]   DMA      [mem 0x0000000000001000-0x0000000000ffffff]
[    0.265895]   DMA32    [mem 0x0000000001000000-0x00000000ffffffff]
[    0.265895]   Normal   [mem 0x0000000100000000-0x0000000100084fff]
[    0.265896]   Device   empty
[    0.265896] Movable zone start for each node
[    0.265897] Early memory node ranges
[    0.265898]   node   0: [mem 0x0000000000001000-0x000000000009efff]
[    0.265898]   node   0: [mem 0x0000000000100000-0x000000007ffdbfff]
[    0.265899]   node   0: [mem 0x0000000100000000-0x0000000100084fff]
[    0.266036] Zeroed struct page in unavailable ranges: 32769 pages
[    0.266038] Initmem setup node 0 [mem 0x0000000000001000-0x0000000100084fff]
[    0.269269] p2m virtual area at (____ptrval____), size is 40000000
[    0.314809] Remapped 133 page(s)
[    0.315963] ACPI: PM-Timer IO Port: 0x608
[    0.315977] ACPI: LAPIC_NMI (acpi_id[0xff] dfl dfl lint[0x1])
[    0.316006] IOAPIC[0]: apic_id 0, version 17, address 0xfec00000, GSI 0-23
[    0.316010] ACPI: INT_SRC_OVR (bus 0 bus_irq 0 global_irq 2 dfl dfl)
[    0.316011] ACPI: INT_SRC_OVR (bus 0 bus_irq 5 global_irq 5 high level)
[    0.316011] ACPI: INT_SRC_OVR (bus 0 bus_irq 9 global_irq 9 high level)
[    0.316012] ACPI: INT_SRC_OVR (bus 0 bus_irq 10 global_irq 10 high level)
[    0.316012] ACPI: INT_SRC_OVR (bus 0 bus_irq 11 global_irq 11 high level)
[    0.316020] Using ACPI (MADT) for SMP configuration information
[    0.316023] smpboot: Allowing 12 CPUs, 0 hotplug CPUs
[    0.316030] PM: Registered nosave memory: [mem 0x00000000-0x00000fff]
[    0.316031] PM: Registered nosave memory: [mem 0x0009f000-0x0009ffff]
[    0.316031] PM: Registered nosave memory: [mem 0x000a0000-0x000fffff]
[    0.316032] PM: Registered nosave memory: [mem 0x7ffdc000-0x7fffffff]
[    0.316032] PM: Registered nosave memory: [mem 0x80000000-0xafffffff]
[    0.316033] PM: Registered nosave memory: [mem 0xb0000000-0xbfffffff]
[    0.316033] PM: Registered nosave memory: [mem 0xc0000000-0xfebfffff]
[    0.316033] PM: Registered nosave memory: [mem 0xfec00000-0xfec00fff]
[    0.316034] PM: Registered nosave memory: [mem 0xfec01000-0xfed1bfff]
[    0.316034] PM: Registered nosave memory: [mem 0xfed1c000-0xfed1ffff]
[    0.316034] PM: Registered nosave memory: [mem 0xfed20000-0xfedfffff]
[    0.316035] PM: Registered nosave memory: [mem 0xfee00000-0xfeefffff]
[    0.316035] PM: Registered nosave memory: [mem 0xfef00000-0xfeffbfff]
[    0.316035] PM: Registered nosave memory: [mem 0xfeffc000-0xfeffffff]
[    0.316036] PM: Registered nosave memory: [mem 0xff000000-0xfffbffff]
[    0.316036] PM: Registered nosave memory: [mem 0xfffc0000-0xffffffff]
[    0.316037] [mem 0xc0000000-0xfebfffff] available for PCI devices
[    0.316039] Booting paravirtualized kernel on Xen
[    0.316040] Xen version: 4.18.1-pre (preserve-AD)
[    0.316042] clocksource: refined-jiffies: mask: 0xffffffff max_cycles: 0xffffffff, max_idle_ns: 7645519600211568 ns
[    0.316044] setup_percpu: NR_CPUS:8192 nr_cpumask_bits:12 nr_cpu_ids:12 nr_node_ids:1
[    0.316353] percpu: Embedded 60 pages/cpu s208896 r8192 d28672 u262144
[    0.316391] PV qspinlock hash table entries: 256 (order: 0, 4096 bytes, linear)
[    0.316393] Built 1 zonelists, mobility grouping on.  Total pages: 516071
[    0.316394] Policy zone: Normal
[    0.316395] Kernel command line: placeholder root=/dev/mapper/ubuntu--vg-ubuntu--lv ro console=ttyS0,115200n8--debug
[    0.316501] Dentry cache hash table entries: 262144 (order: 9, 2097152 bytes, linear)
[    0.316553] Inode-cache hash table entries: 131072 (order: 8, 1048576 bytes, linear)
[    0.316704] mem auto-init: stack:off, heap alloc:on, heap free:off
[    0.334968] software IO TLB: mapped [mem 0x78f00000-0x7cf00000] (64MB)
[    0.337754] Memory: 1844676K/2097148K available (14339K kernel code, 2396K rwdata, 9308K rodata, 2772K init, 17220K bss, 252472K reserved, 0K cma-reserved)
[    0.338077] SLUB: HWalign=64, Order=0-3, MinObjects=0, CPUs=2, Nodes=1
[    0.338639] ftrace: allocating 44738 entries in 175 pages
[    0.347764] ftrace: allocated 175 pages with 6 groups
[    0.347941] rcu: Hierarchical RCU implementation.
[    0.347942] rcu: 	RCU restricting CPUs from NR_CPUS=8192 to nr_cpu_ids=2.
[    0.347943] 	Tasks RCU enabled.
[    0.347943] rcu: RCU calculated value of scheduler-enlistment delay is 25 jiffies.
[    0.347944] rcu: Adjusting geometry for rcu_fanout_leaf=16, nr_cpu_ids=2
[    0.349856] NR_IRQS: 524544, nr_irqs: 440, preallocated irqs: 16
[    0.349933] xen:events: Using FIFO-based ABI
[    0.349994] random: crng init done
[    0.357627] Console: colour VGA+ 80x25
[    0.382432] printk: console [tty0] enabled
[    0.479392] printk: console [hvc0] enabled
[    0.493063] printk: console [ttyS0] enabled
[    0.493933] ACPI: Core revision 20190816
[    0.494757] clocksource: xen: mask: 0xffffffffffffffff max_cycles: 0x1cd42e4dffb, max_idle_ns: 881590591483 ns
[    0.496533] installing Xen timer for CPU 0
[    0.497357] clocksource: tsc-early: mask: 0xffffffffffffffff max_cycles: 0x23fa7ec29e6, max_idle_ns: 440795214074 ns
[    0.499209] Calibrating delay loop (skipped), value calculated using timer frequency.. 4992.01 BogoMIPS (lpj=9984032)
(XEN) MCE: d0v0: rd MCG_CAP 0x1000c02
(XEN) MCE: d0v0: rd MCG_CAP 0x1000c02
(XEN) MCE: d0v0: rd MCG_CAP 0x1000c02
(XEN) MCE: d0v0: rd MCG_CAP 0x1000c02
(XEN) MCE: d0v0: wr MC0_STATUS 0
(XEN) MCE: d0v0: wr MC1_STATUS 0
(XEN) MCE: d0v0: rd MC0_CTL 0xffffffffffffffff
(XEN) MCE: d0v0: rd MC1_CTL 0xffffffffffffffff
[    0.506391] Last level iTLB entries: 4KB 0, 2MB 0, 4MB 0
[    0.507209] Last level dTLB entries: 4KB 0, 2MB 0, 4MB 0, 1GB 0
[    0.508307] Spectre V1 : Mitigation: usercopy/swapgs barriers and __user pointer sanitization
[    0.509861] Spectre V2 : Spectre BHI mitigation: SW BHB clearing on vm exit
[    0.511103] Spectre V2 : Mitigation: Enhanced / Automatic IBRS
[    0.511210] Spectre V2 : Spectre v2 / SpectreRSB mitigation: Filling RSB on context switch
[    0.512692] Spectre V2 : Spectre v2 / PBRSB-eIBRS: Retire a single CALL on VMEXIT
[    0.514047] Spectre V2 : mitigation: Enabling conditional Indirect Branch Prediction Barrier
[    0.515209] Speculative Store Bypass: Mitigation: Speculative Store Bypass disabled via prctl and seccomp
[    0.516904] MMIO Stale Data: Unknown: No mitigations
[    0.517847] x86/fpu: Supporting XSAVE feature 0x001: 'x87 floating point registers'
[    0.519210] x86/fpu: Supporting XSAVE feature 0x002: 'SSE registers'
[    0.520367] x86/fpu: Enabled xstate features 0x3, context size is 576 bytes, using 'standard' format.
[    0.522127] Freeing SMP alternatives memory: 40K
[    0.524127] pid_max: default: 32768 minimum: 301
[    0.525037] LSM: Security Framework initializing
[    0.525934] Yama: becoming mindful.
[    0.526652] AppArmor: AppArmor initialized
[    0.527228] Mount-cache hash table entries: 4096 (order: 3, 32768 bytes, linear)
[    0.528583] Mountpoint-cache hash table entries: 4096 (order: 3, 32768 bytes, linear)
[    0.530019] *** VALIDATE tmpfs ***
[    0.530782] *** VALIDATE proc ***
[    0.531236] *** VALIDATE cgroup1 ***
[    0.531980] *** VALIDATE cgroup2 ***
[    0.532830] cpu 0 spinlock event irq 25
[    0.533640] VPMU disabled by hypervisor.
[    0.534538] Performance Events: unsupported p6 CPU model 191 no PMU driver, software events only.
[    0.535248] rcu: Hierarchical SRCU implementation.
[    0.536345] NMI watchdog: Perf NMI watchdog permanently disabled
[    0.537502] smp: Bringing up secondary CPUs ...
[    0.538441] installing Xen timer for CPU 1
(XEN) MCE: d0v1: rd MCG_CAP 0x1000c02
(XEN) MCE: d0v1: rd MCG_CAP 0x1000c02
(XEN) MCE: d0v1: rd MCG_CAP 0x1000c02
(XEN) MCE: d0v1: rd MCG_CAP 0x1000c02
(XEN) MCE: d0v1: wr MC0_STATUS 0
(XEN) MCE: d0v1: wr MC1_STATUS 0
(XEN) MCE: d0v1: rd MC0_CTL 0xffffffffffffffff
(XEN) MCE: d0v1: rd MC1_CTL 0xffffffffffffffff
[    0.545425] cpu 1 spinlock event irq 35
[    0.545425] smp: Brought up 1 node, 2 CPUs
[    0.547211] smpboot: Max logical packages: 12
[    0.548137] devtmpfs: initialized
[    0.548137] x86/mm: Memory block size: 128MB
[    0.548877] clocksource: jiffies: mask: 0xffffffff max_cycles: 0xffffffff, max_idle_ns: 7645041785100000 ns
[    0.551216] futex hash table entries: 512 (order: 3, 32768 bytes, linear)
[    0.552476] pinctrl core: initialized pinctrl subsystem
[    0.553550] PM: RTC time: 21:22:32, date: 2024-08-02
[    0.554584] NET: Registered protocol family 16
[    0.555224] xen:grant_table: Grant tables using version 1 layout
[    0.556340] Grant table initialized
[    0.559247] audit: initializing netlink subsys (disabled)
[    0.560279] audit: type=2000 audit(1722633752.805:1): state=initialized audit_enabled=0 res=1
[    0.560831] EISA bus registered
[    0.560831] ACPI: bus type PCI registered
[    0.563211] acpiphp: ACPI Hot Plug PCI Controller Driver version: 0.5
[    0.564512] PCI: MMCONFIG for domain 0000 [bus 00-ff] at [mem 0xb0000000-0xbfffffff] (base 0xb0000000)
[    0.566182] PCI: MMCONFIG at [mem 0xb0000000-0xbfffffff] reserved in E820
(XEN) d0: Forcing write emulation on MFNs b0000-bffff
[    0.613478] PCI: Using configuration type 1 for base access
[    0.615301] ACPI: Added _OSI(Module Device)
[    0.616096] ACPI: Added _OSI(Processor Device)
[    0.616948] ACPI: Added _OSI(3.0 _SCP Extensions)
[    0.619211] ACPI: Added _OSI(Processor Aggregator Device)
[    0.620224] ACPI: Added _OSI(Linux-Dell-Video)
[    0.621087] ACPI: Added _OSI(Linux-Lenovo-NV-HDMI-Audio)
[    0.622085] ACPI: Added _OSI(Linux-HPI-Hybrid-Graphics)
[    0.623732] ACPI: 1 ACPI AML tables successfully acquired and loaded
[    0.625342] ACPI: Interpreter enabled
[    0.626087] ACPI: (supports S0 S5)
[    0.626779] ACPI: Using IOAPIC for interrupt routing
[    0.627220] PCI: Using host bridge windows from ACPI; if necessary, use "pci=nocrs" and report a bug
[    0.628906] ACPI: Enabled 1 GPEs in block 00 to 3F
[    0.630925] ACPI: PCI Root Bridge [PCI0] (domain 0000 [bus 00-ff])
[    0.631212] acpi PNP0A08:00: _OSC: OS supports [ExtendedConfig ASPM ClockPM Segments MSI HPX-Type3]
[    0.632873] acpi PNP0A08:00: _OSC: platform does not support [LTR]
[    0.634050] acpi PNP0A08:00: _OSC: OS now controls [PCIeHotplug SHPCHotplug PME AER PCIeCapability]
[    0.635276] PCI host bridge to bus 0000:00
[    0.636074] pci_bus 0000:00: root bus resource [io  0x0000-0x0cf7 window]
[    0.637314] pci_bus 0000:00: root bus resource [io  0x0d00-0xffff window]
[    0.638541] pci_bus 0000:00: root bus resource [mem 0x000a0000-0x000bffff window]
[    0.639209] pci_bus 0000:00: root bus resource [mem 0x80000000-0xafffffff window]
[    0.640579] pci_bus 0000:00: root bus resource [mem 0xc0000000-0xfebfffff window]
[    0.641953] pci_bus 0000:00: root bus resource [mem 0x3c0000000-0xbbfffffff window]
[    0.643210] pci_bus 0000:00: root bus resource [bus 00-ff]
[    0.644282] pci 0000:00:00.0: [8086:29c0] type 00 class 0x060000
(XEN) PCI add device 0000:00:00.0
[    0.646582] pci 0000:00:01.0: [1b36:000c] type 01 class 0x060400
[    0.649135] pci 0000:00:01.0: reg 0x10: [mem 0xfea00000-0xfea00fff]
(XEN) PCI add device 0000:00:01.0
[    0.654020] pci 0000:00:01.1: [1b36:000c] type 01 class 0x060400
[    0.656767] pci 0000:00:01.1: reg 0x10: [mem 0xfea01000-0xfea01fff]
(XEN) PCI add device 0000:00:01.1
[    0.661288] pci 0000:00:01.2: [1b36:000c] type 01 class 0x060400
[    0.663782] pci 0000:00:01.2: reg 0x10: [mem 0xfea02000-0xfea02fff]
(XEN) PCI add device 0000:00:01.2
[    0.669779] pci 0000:00:01.3: [1b36:000c] type 01 class 0x060400
[    0.671816] pci 0000:00:01.3: reg 0x10: [mem 0xfea03000-0xfea03fff]
(XEN) PCI add device 0000:00:01.3
[    0.675258] pci 0000:00:01.4: [1b36:000c] type 01 class 0x060400
[    0.677688] pci 0000:00:01.4: reg 0x10: [mem 0xfea04000-0xfea04fff]
(XEN) PCI add device 0000:00:01.4
[    0.681917] pci 0000:00:01.5: [1b36:000c] type 01 class 0x060400
[    0.684059] pci 0000:00:01.5: reg 0x10: [mem 0xfea05000-0xfea05fff]
(XEN) PCI add device 0000:00:01.5
[    0.688131] pci 0000:00:01.6: [1b36:000c] type 01 class 0x060400
[    0.691067] pci 0000:00:01.6: reg 0x10: [mem 0xfea06000-0xfea06fff]
(XEN) PCI add device 0000:00:01.6
[    0.693736] pci 0000:00:01.7: [1b36:000c] type 01 class 0x060400
[    0.695843] pci 0000:00:01.7: reg 0x10: [mem 0xfea07000-0xfea07fff]
(XEN) PCI add device 0000:00:01.7
[    0.701178] pci 0000:00:02.0: [1b36:000c] type 01 class 0x060400
[    0.704100] pci 0000:00:02.0: reg 0x10: [mem 0xfea08000-0xfea08fff]
(XEN) PCI add device 0000:00:02.0
[    0.710668] pci 0000:00:02.1: [1b36:000c] type 01 class 0x060400
[    0.712204] pci 0000:00:02.1: reg 0x10: [mem 0xfea09000-0xfea09fff]
(XEN) PCI add device 0000:00:02.1
[    0.715841] pci 0000:00:02.2: [1b36:000c] type 01 class 0x060400
[    0.718395] pci 0000:00:02.2: reg 0x10: [mem 0xfea0a000-0xfea0afff]
(XEN) PCI add device 0000:00:02.2
[    0.721685] pci 0000:00:02.3: [1b36:000c] type 01 class 0x060400
[    0.723540] pci 0000:00:02.3: reg 0x10: [mem 0xfea0b000-0xfea0bfff]
(XEN) PCI add device 0000:00:02.3
[    0.728177] pci 0000:00:02.4: [1b36:000c] type 01 class 0x060400
[    0.730370] pci 0000:00:02.4: reg 0x10: [mem 0xfea0c000-0xfea0cfff]
(XEN) PCI add device 0000:00:02.4
[    0.733707] pci 0000:00:02.5: [1b36:000c] type 01 class 0x060400
[    0.735818] pci 0000:00:02.5: reg 0x10: [mem 0xfea0d000-0xfea0dfff]
(XEN) PCI add device 0000:00:02.5
[    0.740900] pci 0000:00:02.6: [1b36:000c] type 01 class 0x060400
[    0.743119] pci 0000:00:02.6: reg 0x10: [mem 0xfea0e000-0xfea0efff]
(XEN) PCI add device 0000:00:02.6
[    0.756927] pci 0000:00:1f.0: [8086:2918] type 00 class 0x060100
[    0.758469] pci 0000:00:1f.0: quirk: [io  0x0600-0x067f] claimed by ICH6 ACPI/GPIO/TCO
(XEN) PCI add device 0000:00:1f.0
[    0.759837] pci 0000:00:1f.2: [8086:2922] type 00 class 0x010601
[    0.763799] pci 0000:00:1f.2: reg 0x20: [io  0xc040-0xc05f]
[    0.765489] pci 0000:00:1f.2: reg 0x24: [mem 0xfea0f000-0xfea0ffff]
(XEN) PCI add device 0000:00:1f.2
[    0.768734] pci 0000:00:1f.3: [8086:2930] type 00 class 0x0c0500
[    0.771375] pci 0000:00:1f.3: reg 0x20: [io  0x0700-0x073f]
(XEN) PCI add device 0000:00:1f.3
[    0.774353] pci 0000:01:00.0: [1af4:1041] type 00 class 0x020000
[    0.776428] pci 0000:01:00.0: reg 0x14: [mem 0xfe880000-0xfe880fff]
[    0.780088] pci 0000:01:00.0: reg 0x20: [mem 0xfba00000-0xfba03fff 64bit pref]
[    0.782013] pci 0000:01:00.0: reg 0x30: [mem 0xfe800000-0xfe87ffff pref]
(XEN) PCI add device 0000:01:00.0
[    0.796549] pci 0000:00:01.0: PCI bridge to [bus 01]
[    0.797571] pci 0000:00:01.0:   bridge window [mem 0xfe800000-0xfe9fffff]
[    0.798822] pci 0000:00:01.0:   bridge window [mem 0xfba00000-0xfbbfffff 64bit pref]
[    0.799784] pci 0000:02:00.0: [1af4:1041] type 00 class 0x020000
[    0.802113] pci 0000:02:00.0: reg 0x14: [mem 0xfe680000-0xfe680fff]
[    0.804955] pci 0000:02:00.0: reg 0x20: [mem 0xfb800000-0xfb803fff 64bit pref]
[    0.806890] pci 0000:02:00.0: reg 0x30: [mem 0xfe600000-0xfe67ffff pref]
(XEN) PCI add device 0000:02:00.0
[    0.821287] pci 0000:00:01.1: PCI bridge to [bus 02]
[    0.822293] pci 0000:00:01.1:   bridge window [mem 0xfe600000-0xfe7fffff]
[    0.823231] pci 0000:00:01.1:   bridge window [mem 0xfb800000-0xfb9fffff 64bit pref]
[    0.825227] pci 0000:03:00.0: [1b36:000d] type 00 class 0x0c0330
[    0.826731] pci 0000:03:00.0: reg 0x10: [mem 0xfe400000-0xfe403fff 64bit]
(XEN) PCI add device 0000:03:00.0
[    0.841706] pci 0000:00:01.2: PCI bridge to [bus 03]
[    0.842707] pci 0000:00:01.2:   bridge window [mem 0xfe400000-0xfe5fffff]
[    0.843233] pci 0000:00:01.2:   bridge window [mem 0xfb600000-0xfb7fffff 64bit pref]
[    0.845231] pci 0000:04:00.0: [1af4:1043] type 00 class 0x078000
[    0.847522] pci 0000:04:00.0: reg 0x14: [mem 0xfe200000-0xfe200fff]
[    0.850469] pci 0000:04:00.0: reg 0x20: [mem 0xfb400000-0xfb403fff 64bit pref]
(XEN) PCI add device 0000:04:00.0
[    0.865170] pci 0000:00:01.3: PCI bridge to [bus 04]
[    0.866194] pci 0000:00:01.3:   bridge window [mem 0xfe200000-0xfe3fffff]
[    0.867231] pci 0000:00:01.3:   bridge window [mem 0xfb400000-0xfb5fffff 64bit pref]
[    0.869222] pci 0000:05:00.0: [1af4:1042] type 00 class 0x010000
[    0.871516] pci 0000:05:00.0: reg 0x14: [mem 0xfe000000-0xfe000fff]
[    0.874485] pci 0000:05:00.0: reg 0x20: [mem 0xfb200000-0xfb203fff 64bit pref]
(XEN) PCI add device 0000:05:00.0
[    0.890357] pci 0000:00:01.4: PCI bridge to [bus 05]
[    0.891231] pci 0000:00:01.4:   bridge window [mem 0xfe000000-0xfe1fffff]
[    0.892474] pci 0000:00:01.4:   bridge window [mem 0xfb200000-0xfb3fffff 64bit pref]
[    0.894458] pci 0000:06:00.0: [1af4:1042] type 00 class 0x010000
[    0.896488] pci 0000:06:00.0: reg 0x14: [mem 0xfde00000-0xfde00fff]
[    0.899841] pci 0000:06:00.0: reg 0x20: [mem 0xfb000000-0xfb003fff 64bit pref]
(XEN) PCI add device 0000:06:00.0
[    0.915401] pci 0000:00:01.5: PCI bridge to [bus 06]
[    0.916444] pci 0000:00:01.5:   bridge window [mem 0xfde00000-0xfdffffff]
[    0.917752] pci 0000:00:01.5:   bridge window [mem 0xfb000000-0xfb1fffff 64bit pref]
[    0.919777] pci 0000:07:00.0: [1af4:1045] type 00 class 0x00ff00
[    0.922576] pci 0000:07:00.0: reg 0x20: [mem 0xfae00000-0xfae03fff 64bit pref]
(XEN) PCI add device 0000:07:00.0
[    0.937139] pci 0000:00:01.6: PCI bridge to [bus 07]
[    0.938196] pci 0000:00:01.6:   bridge window [mem 0xfdc00000-0xfddfffff]
[    0.939232] pci 0000:00:01.6:   bridge window [mem 0xfae00000-0xfaffffff 64bit pref]
[    0.941256] pci 0000:08:00.0: [1af4:1044] type 00 class 0x00ff00
[    0.944021] pci 0000:08:00.0: reg 0x20: [mem 0xfac00000-0xfac03fff 64bit pref]
(XEN) PCI add device 0000:08:00.0
[    0.959372] pci 0000:00:01.7: PCI bridge to [bus 08]
[    0.960381] pci 0000:00:01.7:   bridge window [mem 0xfda00000-0xfdbfffff]
[    0.961649] pci 0000:00:01.7:   bridge window [mem 0xfac00000-0xfadfffff 64bit pref]
[    0.963554] pci 0000:09:00.0: [1b36:000e] type 01 class 0x060400
[    0.966971] pci 0000:09:00.0: reg 0x10: [mem 0xfcc00000-0xfcc000ff 64bit]
(XEN) PCI add device 0000:09:00.0
[    0.982978] pci 0000:00:02.0: PCI bridge to [bus 09-0a]
[    0.983238] pci 0000:00:02.0:   bridge window [mem 0xfca00000-0xfcdfffff]
[    0.984549] pci 0000:00:02.0:   bridge window [mem 0xf8000000-0xf9ffffff 64bit pref]
[    0.986376] pci_bus 0000:0a: extended config space not accessible
[    0.987632] pci 0000:0a:01.0: [1013:00b8] type 00 class 0x030000
[    0.989612] pci 0000:0a:01.0: reg 0x10: [mem 0xf8000000-0xf9ffffff pref]
[    0.991559] pci 0000:0a:01.0: reg 0x14: [mem 0xfca10000-0xfca10fff]
[    0.996890] pci 0000:0a:01.0: reg 0x30: [mem 0xfca00000-0xfca0ffff pref]
(XEN) PCI add device 0000:0a:01.0
[    1.010913] pci 0000:09:00.0: PCI bridge to [bus 0a]
[    1.011240] pci 0000:09:00.0:   bridge window [mem 0xfca00000-0xfcbfffff]
[    1.012499] pci 0000:09:00.0:   bridge window [mem 0xf8000000-0xf9ffffff 64bit pref]
[    1.014992] pci 0000:0b:00.0: [1af4:1042] type 00 class 0x010000
[    1.016421] pci 0000:0b:00.0: reg 0x14: [mem 0xfd800000-0xfd800fff]
[    1.019211] pci 0000:0b:00.0: reg 0x20: [mem 0xfaa00000-0xfaa03fff 64bit pref]
(XEN) PCI add device 0000:0b:00.0
[    1.034533] pci 0000:00:02.1: PCI bridge to [bus 0b]
[    1.035234] pci 0000:00:02.1:   bridge window [mem 0xfd800000-0xfd9fffff]
[    1.036497] pci 0000:00:02.1:   bridge window [mem 0xfaa00000-0xfabfffff 64bit pref]
[    1.050374] pci 0000:00:02.2: PCI bridge to [bus 0c]
[    1.051232] pci 0000:00:02.2:   bridge window [mem 0xfd600000-0xfd7fffff]
[    1.052487] pci 0000:00:02.2:   bridge window [mem 0xfa800000-0xfa9fffff 64bit pref]
[    1.066356] pci 0000:00:02.3: PCI bridge to [bus 0d]
[    1.067231] pci 0000:00:02.3:   bridge window [mem 0xfd400000-0xfd5fffff]
[    1.068497] pci 0000:00:02.3:   bridge window [mem 0xfa600000-0xfa7fffff 64bit pref]
[    1.082348] pci 0000:00:02.4: PCI bridge to [bus 0e]
[    1.083233] pci 0000:00:02.4:   bridge window [mem 0xfd200000-0xfd3fffff]
[    1.084490] pci 0000:00:02.4:   bridge window [mem 0xfa400000-0xfa5fffff 64bit pref]
[    1.098370] pci 0000:00:02.5: PCI bridge to [bus 0f]
[    1.099231] pci 0000:00:02.5:   bridge window [mem 0xfd000000-0xfd1fffff]
[    1.103230] pci 0000:00:02.5:   bridge window [mem 0xfa200000-0xfa3fffff 64bit pref]
[    1.117102] pci 0000:00:02.6: PCI bridge to [bus 10]
[    1.118106] pci 0000:00:02.6:   bridge window [mem 0xfce00000-0xfcffffff]
[    1.119231] pci 0000:00:02.6:   bridge window [mem 0xfa000000-0xfa1fffff 64bit pref]
[    1.127204] ACPI: PCI Interrupt Link [LNKA] (IRQs 5 *10 11)
[    1.127268] ACPI: PCI Interrupt Link [LNKB] (IRQs 5 *10 11)
[    1.128441] ACPI: PCI Interrupt Link [LNKC] (IRQs 5 10 *11)
[    1.129673] ACPI: PCI Interrupt Link [LNKD] (IRQs 5 10 *11)
[    1.130927] ACPI: PCI Interrupt Link [LNKE] (IRQs 5 *10 11)
[    1.131256] ACPI: PCI Interrupt Link [LNKF] (IRQs 5 *10 11)
[    1.132466] ACPI: PCI Interrupt Link [LNKG] (IRQs 5 10 *11)
[    1.133689] ACPI: PCI Interrupt Link [LNKH] (IRQs 5 10 *11)
[    1.134876] ACPI: PCI Interrupt Link [GSIA] (IRQs *16)
[    1.135215] ACPI: PCI Interrupt Link [GSIB] (IRQs *17)
[    1.136325] ACPI: PCI Interrupt Link [GSIC] (IRQs *18)
[    1.137460] ACPI: PCI Interrupt Link [GSID] (IRQs *19)
[    1.138562] ACPI: PCI Interrupt Link [GSIE] (IRQs *20)
[    1.139212] ACPI: PCI Interrupt Link [GSIF] (IRQs *21)
[    1.140367] ACPI: PCI Interrupt Link [GSIG] (IRQs *22)
[    1.141857] ACPI: PCI Interrupt Link [GSIH] (IRQs *23)
[    1.143432] APIC: NR_CPUS/possible_cpus limit of 2 reached. Processor 2/0x2 ignored.
[    1.146229] ACPI: Unable to map lapic to logical cpu number
[    1.147314] APIC: NR_CPUS/possible_cpus limit of 2 reached. Processor 3/0x3 ignored.
[    1.149611] ACPI: Unable to map lapic to logical cpu number
[    1.150990] APIC: NR_CPUS/possible_cpus limit of 2 reached. Processor 4/0x4 ignored.
[    1.151224] ACPI: Unable to map lapic to logical cpu number
[    1.152530] APIC: NR_CPUS/possible_cpus limit of 2 reached. Processor 5/0x5 ignored.
[    1.154141] ACPI: Unable to map lapic to logical cpu number
[    1.155265] APIC: NR_CPUS/possible_cpus limit of 2 reached. Processor 6/0x6 ignored.
[    1.156855] ACPI: Unable to map lapic to logical cpu number
[    1.157992] APIC: NR_CPUS/possible_cpus limit of 2 reached. Processor 7/0x7 ignored.
[    1.159210] ACPI: Unable to map lapic to logical cpu number
[    1.160332] APIC: NR_CPUS/possible_cpus limit of 2 reached. Processor 8/0x8 ignored.
[    1.161800] ACPI: Unable to map lapic to logical cpu number
[    1.162905] APIC: NR_CPUS/possible_cpus limit of 2 reached. Processor 9/0x9 ignored.
[    1.163210] ACPI: Unable to map lapic to logical cpu number
[    1.164327] APIC: NR_CPUS/possible_cpus limit of 2 reached. Processor 10/0xa ignored.
[    1.165794] ACPI: Unable to map lapic to logical cpu number
[    1.166904] APIC: NR_CPUS/possible_cpus limit of 2 reached. Processor 11/0xb ignored.
[    1.167210] ACPI: Unable to map lapic to logical cpu number
[    1.168349] xen:balloon: Initialising balloon driver
[    1.169380] iommu: Default domain type: Translated 
[    1.169380] SCSI subsystem initialized
[    1.171244] pci 0000:0a:01.0: vgaarb: setting as boot VGA device
[    1.172389] pci 0000:0a:01.0: vgaarb: VGA device added: decodes=io+mem,owns=io+mem,locks=none
[    1.173997] pci 0000:0a:01.0: vgaarb: bridge control possible
[    1.175210] vgaarb: loaded
[    1.175831] ACPI: bus type USB registered
[    1.176675] usbcore: registered new interface driver usbfs
[    1.177747] usbcore: registered new interface driver hub
[    1.178913] usbcore: registered new device driver usb
[    1.179236] pps_core: LinuxPPS API ver. 1 registered
[    1.180358] pps_core: Software ver. 5.3.6 - Copyright 2005-2007 Rodolfo Giometti <giometti@linux.it>
[    1.182077] PTP clock support registered
[    1.182902] EDAC MC: Ver: 3.0.0
[    1.183665] PCI: Using ACPI for IRQ routing
[    1.316792] NetLabel: Initializing
[    1.317554] NetLabel:  domain hash size = 128
[    1.318423] NetLabel:  protocols = UNLABELED CIPSOv4 CALIPSO
[    1.319219] NetLabel:  unlabeled traffic allowed by default
[    1.320310] clocksource: Switched to clocksource tsc-early
[    1.325153] *** VALIDATE bpf ***
[    1.325153] VFS: Disk quotas dquot_6.6.0
[    1.327439] VFS: Dquot-cache hash table entries: 512 (order 0, 4096 bytes)
[    1.328753] *** VALIDATE ramfs ***
[    1.329472] hugetlbfs: disabling because there are no supported hugepage sizes
[    1.330899] AppArmor: AppArmor Filesystem Enabled
[    1.331866] pnp: PnP ACPI init
[    1.332554] Already setup the GSI :4
[    1.333395] system 00:04: [mem 0xb0000000-0xbfffffff window] has been reserved
[    1.334895] pnp: PnP ACPI: found 5 devices
[    1.337353] thermal_sys: Registered thermal governor 'fair_share'
[    1.337354] thermal_sys: Registered thermal governor 'bang_bang'
[    1.338525] thermal_sys: Registered thermal governor 'step_wise'
[    1.339690] thermal_sys: Registered thermal governor 'user_space'
[    1.340845] thermal_sys: Registered thermal governor 'power_allocator'
[    1.351196] PM-Timer failed consistency check  (0xffffff) - aborting.
[    1.353710] pci 0000:00:01.0: bridge window [io  0x1000-0x0fff] to [bus 01] add_size 1000
[    1.355269] pci 0000:00:01.1: bridge window [io  0x1000-0x0fff] to [bus 02] add_size 1000
[    1.356821] pci 0000:00:01.2: bridge window [io  0x1000-0x0fff] to [bus 03] add_size 1000
[    1.358371] pci 0000:00:01.3: bridge window [io  0x1000-0x0fff] to [bus 04] add_size 1000
[    1.359915] pci 0000:00:01.4: bridge window [io  0x1000-0x0fff] to [bus 05] add_size 1000
[    1.361457] pci 0000:00:01.5: bridge window [io  0x1000-0x0fff] to [bus 06] add_size 1000
[    1.363003] pci 0000:00:01.6: bridge window [io  0x1000-0x0fff] to [bus 07] add_size 1000
[    1.364560] pci 0000:00:01.7: bridge window [io  0x1000-0x0fff] to [bus 08] add_size 1000
[    1.366110] pci 0000:00:02.0: bridge window [io  0x1000-0x0fff] to [bus 09-0a] add_size 1000
[    1.367699] pci 0000:00:02.1: bridge window [io  0x1000-0x0fff] to [bus 0b] add_size 1000
[    1.369249] pci 0000:00:02.2: bridge window [io  0x1000-0x0fff] to [bus 0c] add_size 1000
[    1.370789] pci 0000:00:02.3: bridge window [io  0x1000-0x0fff] to [bus 0d] add_size 1000
[    1.372337] pci 0000:00:02.4: bridge window [io  0x1000-0x0fff] to [bus 0e] add_size 1000
[    1.373898] pci 0000:00:02.5: bridge window [io  0x1000-0x0fff] to [bus 0f] add_size 1000
[    1.375463] pci 0000:00:02.6: bridge window [io  0x1000-0x0fff] to [bus 10] add_size 1000
[    1.377010] pci 0000:00:01.0: BAR 13: assigned [io  0x1000-0x1fff]
[    1.378188] pci 0000:00:01.1: BAR 13: assigned [io  0x2000-0x2fff]
[    1.379385] pci 0000:00:01.2: BAR 13: assigned [io  0x3000-0x3fff]
[    1.380568] pci 0000:00:01.3: BAR 13: assigned [io  0x4000-0x4fff]
[    1.381750] pci 0000:00:01.4: BAR 13: assigned [io  0x5000-0x5fff]
[    1.382927] pci 0000:00:01.5: BAR 13: assigned [io  0x6000-0x6fff]
[    1.384116] pci 0000:00:01.6: BAR 13: assigned [io  0x7000-0x7fff]
[    1.385292] pci 0000:00:01.7: BAR 13: assigned [io  0x8000-0x8fff]
[    1.386470] pci 0000:00:02.0: BAR 13: assigned [io  0x9000-0x9fff]
[    1.387666] pci 0000:00:02.1: BAR 13: assigned [io  0xa000-0xafff]
[    1.388847] pci 0000:00:02.2: BAR 13: assigned [io  0xb000-0xbfff]
[    1.390025] pci 0000:00:02.3: BAR 13: assigned [io  0xd000-0xdfff]
[    1.391200] pci 0000:00:02.4: BAR 13: assigned [io  0xe000-0xefff]
[    1.392383] pci 0000:00:02.5: BAR 13: assigned [io  0xf000-0xffff]
[    1.393579] pci 0000:00:02.6: BAR 13: no space for [io  size 0x1000]
[    1.394785] pci 0000:00:02.6: BAR 13: failed to assign [io  size 0x1000]
[    1.396074] pci 0000:00:02.6: BAR 13: assigned [io  0x1000-0x1fff]
[    1.397258] pci 0000:00:02.5: BAR 13: assigned [io  0x2000-0x2fff]
[    1.398438] pci 0000:00:02.4: BAR 13: assigned [io  0x3000-0x3fff]
[    1.399632] pci 0000:00:02.3: BAR 13: assigned [io  0x4000-0x4fff]
[    1.400809] pci 0000:00:02.2: BAR 13: assigned [io  0x5000-0x5fff]
[    1.401988] pci 0000:00:02.1: BAR 13: assigned [io  0x6000-0x6fff]
[    1.403161] pci 0000:00:02.0: BAR 13: assigned [io  0x7000-0x7fff]
[    1.404343] pci 0000:00:01.7: BAR 13: assigned [io  0x8000-0x8fff]
[    1.405527] pci 0000:00:01.6: BAR 13: assigned [io  0x9000-0x9fff]
[    1.406716] pci 0000:00:01.5: BAR 13: assigned [io  0xa000-0xafff]
[    1.407908] pci 0000:00:01.4: BAR 13: assigned [io  0xb000-0xbfff]
[    1.409090] pci 0000:00:01.3: BAR 13: assigned [io  0xd000-0xdfff]
[    1.410262] pci 0000:00:01.2: BAR 13: assigned [io  0xe000-0xefff]
[    1.411458] pci 0000:00:01.1: BAR 13: assigned [io  0xf000-0xffff]
[    1.412629] pci 0000:00:01.0: BAR 13: no space for [io  size 0x1000]
[    1.413843] pci 0000:00:01.0: BAR 13: failed to assign [io  size 0x1000]
[    1.415115] pci 0000:00:01.0: PCI bridge to [bus 01]
[    1.417147] pci 0000:00:01.0:   bridge window [mem 0xfe800000-0xfe9fffff]
[    1.419059] pci 0000:00:01.0:   bridge window [mem 0xfba00000-0xfbbfffff 64bit pref]
[    1.421780] pci 0000:00:01.1: PCI bridge to [bus 02]
[    1.422769] pci 0000:00:01.1:   bridge window [io  0xf000-0xffff]
[    1.424887] pci 0000:00:01.1:   bridge window [mem 0xfe600000-0xfe7fffff]
[    1.426798] pci 0000:00:01.1:   bridge window [mem 0xfb800000-0xfb9fffff 64bit pref]
[    1.429277] pci 0000:00:01.2: PCI bridge to [bus 03]
[    1.430264] pci 0000:00:01.2:   bridge window [io  0xe000-0xefff]
[    1.432028] pci 0000:00:01.2:   bridge window [mem 0xfe400000-0xfe5fffff]
[    1.433924] pci 0000:00:01.2:   bridge window [mem 0xfb600000-0xfb7fffff 64bit pref]
[    1.436644] pci 0000:00:01.3: PCI bridge to [bus 04]
[    1.438133] pci 0000:00:01.3:   bridge window [io  0xd000-0xdfff]
[    1.439838] pci 0000:00:01.3:   bridge window [mem 0xfe200000-0xfe3fffff]
[    1.441444] pci 0000:00:01.3:   bridge window [mem 0xfb400000-0xfb5fffff 64bit pref]
[    1.443589] pci 0000:00:01.4: PCI bridge to [bus 05]
[    1.444572] pci 0000:00:01.4:   bridge window [io  0xb000-0xbfff]
[    1.446293] pci 0000:00:01.4:   bridge window [mem 0xfe000000-0xfe1fffff]
[    1.448479] pci 0000:00:01.4:   bridge window [mem 0xfb200000-0xfb3fffff 64bit pref]
[    1.450570] pci 0000:00:01.5: PCI bridge to [bus 06]
[    1.454834] pci 0000:00:01.5:   bridge window [io  0xa000-0xafff]
[    1.456470] pci 0000:00:01.5:   bridge window [mem 0xfde00000-0xfdffffff]
[    1.458064] pci 0000:00:01.5:   bridge window [mem 0xfb000000-0xfb1fffff 64bit pref]
[    1.460547] pci 0000:00:01.6: PCI bridge to [bus 07]
[    1.461512] pci 0000:00:01.6:   bridge window [io  0x9000-0x9fff]
[    1.463099] pci 0000:00:01.6:   bridge window [mem 0xfdc00000-0xfddfffff]
[    1.464656] pci 0000:00:01.6:   bridge window [mem 0xfae00000-0xfaffffff 64bit pref]
[    1.466743] pci 0000:00:01.7: PCI bridge to [bus 08]
[    1.467744] pci 0000:00:01.7:   bridge window [io  0x8000-0x8fff]
[    1.469876] pci 0000:00:01.7:   bridge window [mem 0xfda00000-0xfdbfffff]
[    1.471449] pci 0000:00:01.7:   bridge window [mem 0xfac00000-0xfadfffff 64bit pref]
[    1.473488] pci 0000:09:00.0: PCI bridge to [bus 0a]
[    1.474927] pci 0000:09:00.0:   bridge window [mem 0xfca00000-0xfcbfffff]
[    1.476630] pci 0000:09:00.0:   bridge window [mem 0xf8000000-0xf9ffffff 64bit pref]
[    1.479269] pci 0000:00:02.0: PCI bridge to [bus 09-0a]
[    1.480721] pci 0000:00:02.0:   bridge window [io  0x7000-0x7fff]
[    1.482373] pci 0000:00:02.0:   bridge window [mem 0xfca00000-0xfcdfffff]
[    1.483987] pci 0000:00:02.0:   bridge window [mem 0xf8000000-0xf9ffffff 64bit pref]
[    1.486031] pci 0000:00:02.1: PCI bridge to [bus 0b]
[    1.486990] pci 0000:00:02.1:   bridge window [io  0x6000-0x6fff]
[    1.488701] pci 0000:00:02.1:   bridge window [mem 0xfd800000-0xfd9fffff]
[    1.491075] pci 0000:00:02.1:   bridge window [mem 0xfaa00000-0xfabfffff 64bit pref]
[    1.493203] pci 0000:00:02.2: PCI bridge to [bus 0c]
[    1.494181] pci 0000:00:02.2:   bridge window [io  0x5000-0x5fff]
[    1.495847] pci 0000:00:02.2:   bridge window [mem 0xfd600000-0xfd7fffff]
[    1.497438] pci 0000:00:02.2:   bridge window [mem 0xfa800000-0xfa9fffff 64bit pref]
[    1.499599] pci 0000:00:02.3: PCI bridge to [bus 0d]
[    1.501219] pci 0000:00:02.3:   bridge window [io  0x4000-0x4fff]
[    1.502926] pci 0000:00:02.3:   bridge window [mem 0xfd400000-0xfd5fffff]
[    1.504558] pci 0000:00:02.3:   bridge window [mem 0xfa600000-0xfa7fffff 64bit pref]
[    1.506668] pci 0000:00:02.4: PCI bridge to [bus 0e]
[    1.507664] pci 0000:00:02.4:   bridge window [io  0x3000-0x3fff]
[    1.509287] pci 0000:00:02.4:   bridge window [mem 0xfd200000-0xfd3fffff]
[    1.510855] pci 0000:00:02.4:   bridge window [mem 0xfa400000-0xfa5fffff 64bit pref]
[    1.513618] pci 0000:00:02.5: PCI bridge to [bus 0f]
[    1.514579] pci 0000:00:02.5:   bridge window [io  0x2000-0x2fff]
[    1.516212] pci 0000:00:02.5:   bridge window [mem 0xfd000000-0xfd1fffff]
[    1.517791] pci 0000:00:02.5:   bridge window [mem 0xfa200000-0xfa3fffff 64bit pref]
[    1.519876] pci 0000:00:02.6: PCI bridge to [bus 10]
[    1.520839] pci 0000:00:02.6:   bridge window [io  0x1000-0x1fff]
[    1.522934] pci 0000:00:02.6:   bridge window [mem 0xfce00000-0xfcffffff]
[    1.524507] pci 0000:00:02.6:   bridge window [mem 0xfa000000-0xfa1fffff 64bit pref]
[    1.526557] pci_bus 0000:00: resource 4 [io  0x0000-0x0cf7 window]
[    1.527723] pci_bus 0000:00: resource 5 [io  0x0d00-0xffff window]
[    1.528854] pci_bus 0000:00: resource 6 [mem 0x000a0000-0x000bffff window]
[    1.530091] pci_bus 0000:00: resource 7 [mem 0x80000000-0xafffffff window]
[    1.531339] pci_bus 0000:00: resource 8 [mem 0xc0000000-0xfebfffff window]
[    1.533137] pci_bus 0000:00: resource 9 [mem 0x3c0000000-0xbbfffffff window]
[    1.534434] pci_bus 0000:01: resource 1 [mem 0xfe800000-0xfe9fffff]
[    1.535579] pci_bus 0000:01: resource 2 [mem 0xfba00000-0xfbbfffff 64bit pref]
[    1.536907] pci_bus 0000:02: resource 0 [io  0xf000-0xffff]
[    1.537971] pci_bus 0000:02: resource 1 [mem 0xfe600000-0xfe7fffff]
[    1.539117] pci_bus 0000:02: resource 2 [mem 0xfb800000-0xfb9fffff 64bit pref]
[    1.540440] pci_bus 0000:03: resource 0 [io  0xe000-0xefff]
[    1.541487] pci_bus 0000:03: resource 1 [mem 0xfe400000-0xfe5fffff]
[    1.542631] pci_bus 0000:03: resource 2 [mem 0xfb600000-0xfb7fffff 64bit pref]
[    1.543962] pci_bus 0000:04: resource 0 [io  0xd000-0xdfff]
[    1.545001] pci_bus 0000:04: resource 1 [mem 0xfe200000-0xfe3fffff]
[    1.546155] pci_bus 0000:04: resource 2 [mem 0xfb400000-0xfb5fffff 64bit pref]
[    1.547485] pci_bus 0000:05: resource 0 [io  0xb000-0xbfff]
[    1.548516] pci_bus 0000:05: resource 1 [mem 0xfe000000-0xfe1fffff]
[    1.549672] pci_bus 0000:05: resource 2 [mem 0xfb200000-0xfb3fffff 64bit pref]
[    1.550999] pci_bus 0000:06: resource 0 [io  0xa000-0xafff]
[    1.552036] pci_bus 0000:06: resource 1 [mem 0xfde00000-0xfdffffff]
[    1.553182] pci_bus 0000:06: resource 2 [mem 0xfb000000-0xfb1fffff 64bit pref]
[    1.554525] pci_bus 0000:07: resource 0 [io  0x9000-0x9fff]
[    1.555559] pci_bus 0000:07: resource 1 [mem 0xfdc00000-0xfddfffff]
[    1.556704] pci_bus 0000:07: resource 2 [mem 0xfae00000-0xfaffffff 64bit pref]
[    1.558043] pci_bus 0000:08: resource 0 [io  0x8000-0x8fff]
[    1.559091] pci_bus 0000:08: resource 1 [mem 0xfda00000-0xfdbfffff]
[    1.560236] pci_bus 0000:08: resource 2 [mem 0xfac00000-0xfadfffff 64bit pref]
[    1.561589] pci_bus 0000:09: resource 0 [io  0x7000-0x7fff]
[    1.562754] pci_bus 0000:09: resource 1 [mem 0xfca00000-0xfcdfffff]
[    1.564038] pci_bus 0000:09: resource 2 [mem 0xf8000000-0xf9ffffff 64bit pref]
[    1.565606] pci_bus 0000:0a: resource 1 [mem 0xfca00000-0xfcbfffff]
[    1.566929] pci_bus 0000:0a: resource 2 [mem 0xf8000000-0xf9ffffff 64bit pref]
[    1.568425] pci_bus 0000:0b: resource 0 [io  0x6000-0x6fff]
[    1.569600] pci_bus 0000:0b: resource 1 [mem 0xfd800000-0xfd9fffff]
[    1.570892] pci_bus 0000:0b: resource 2 [mem 0xfaa00000-0xfabfffff 64bit pref]
[    1.572319] pci_bus 0000:0c: resource 0 [io  0x5000-0x5fff]
[    1.573458] pci_bus 0000:0c: resource 1 [mem 0xfd600000-0xfd7fffff]
[    1.574781] pci_bus 0000:0c: resource 2 [mem 0xfa800000-0xfa9fffff 64bit pref]
[    1.576270] pci_bus 0000:0d: resource 0 [io  0x4000-0x4fff]
[    1.577436] pci_bus 0000:0d: resource 1 [mem 0xfd400000-0xfd5fffff]
[    1.578736] pci_bus 0000:0d: resource 2 [mem 0xfa600000-0xfa7fffff 64bit pref]
[    1.580236] pci_bus 0000:0e: resource 0 [io  0x3000-0x3fff]
[    1.581411] pci_bus 0000:0e: resource 1 [mem 0xfd200000-0xfd3fffff]
[    1.582604] pci_bus 0000:0e: resource 2 [mem 0xfa400000-0xfa5fffff 64bit pref]
[    1.584161] pci_bus 0000:0f: resource 0 [io  0x2000-0x2fff]
[    1.585251] pci_bus 0000:0f: resource 1 [mem 0xfd000000-0xfd1fffff]
[    1.586432] pci_bus 0000:0f: resource 2 [mem 0xfa200000-0xfa3fffff 64bit pref]
[    1.587801] pci_bus 0000:10: resource 0 [io  0x1000-0x1fff]
[    1.588873] pci_bus 0000:10: resource 1 [mem 0xfce00000-0xfcffffff]
[    1.590070] pci_bus 0000:10: resource 2 [mem 0xfa000000-0xfa1fffff 64bit pref]
[    1.591552] NET: Registered protocol family 2
[    1.592923] IP idents hash table entries: 32768 (order: 6, 262144 bytes, linear)
[    1.594901] tcp_listen_portaddr_hash hash table entries: 1024 (order: 2, 16384 bytes, linear)
[    1.596543] TCP established hash table entries: 16384 (order: 5, 131072 bytes, linear)
[    1.598084] TCP bind hash table entries: 16384 (order: 6, 262144 bytes, linear)
[    1.599479] TCP: Hash tables configured (established 16384 bind 16384)
[    1.600731] UDP hash table entries: 1024 (order: 3, 32768 bytes, linear)
[    1.601998] UDP-Lite hash table entries: 1024 (order: 3, 32768 bytes, linear)
[    1.603347] NET: Registered protocol family 1
[    1.604219] NET: Registered protocol family 44
[    1.605402] PCI Interrupt Link [GSIF] enabled at IRQ 21
[    1.607255] Already setup the GSI :21
[    1.608544] pci 0000:0a:01.0: Video device with shadowed ROM at [mem 0x000c0000-0x000dffff]
[    1.610148] PCI: CLS 0 bytes, default 64
[    1.610970] Trying to unpack rootfs image as initramfs...
[    1.709173] Freeing initrd memory: 87964K
[    1.710142] check: Scanning for low memory corruption every 60 seconds
[    1.711600] Initialise system trusted keyrings
[    1.712504] Key type blacklist registered
[    1.713379] workingset: timestamp_bits=36 max_order=19 bucket_order=0
[    1.715029] zbud: loaded
[    1.715735] squashfs: version 4.0 (2009/01/31) Phillip Lougher
[    1.716965] fuse: init (API version 7.31)
[    1.717816] *** VALIDATE fuse ***
[    1.718594] *** VALIDATE fuse ***
[    1.719337] Platform Keyring initialized
[    1.721973] Key type asymmetric registered
[    1.722794] Asymmetric key parser 'x509' registered
[    1.723749] Block layer SCSI generic (bsg) driver version 0.4 loaded (major 244)
[    1.725207] io scheduler mq-deadline registered
[    1.726320] Already setup the GSI :21
[    1.728479] pcieport 0000:00:01.0: PME: Signaling with IRQ 38
[    1.729749] pcieport 0000:00:01.0: AER: enabled with IRQ 38
[    1.730853] pcieport 0000:00:01.0: pciehp: Slot #0 AttnBtn+ PwrCtrl+ MRL- AttnInd+ PwrInd+ HotPlug+ Surprise+ Interlock+ NoCompl- LLActRep+
[    1.733523] Already setup the GSI :21
[    1.735637] pcieport 0000:00:01.1: PME: Signaling with IRQ 39
[    1.736928] pcieport 0000:00:01.1: AER: enabled with IRQ 39
[    1.738050] pcieport 0000:00:01.1: pciehp: Slot #0 AttnBtn+ PwrCtrl+ MRL- AttnInd+ PwrInd+ HotPlug+ Surprise+ Interlock+ NoCompl- LLActRep+
[    1.741371] pcieport 0000:00:01.2: PME: Signaling with IRQ 40
[    1.742628] pcieport 0000:00:01.2: AER: enabled with IRQ 40
[    1.743732] pcieport 0000:00:01.2: pciehp: Slot #0 AttnBtn+ PwrCtrl+ MRL- AttnInd+ PwrInd+ HotPlug+ Surprise+ Interlock+ NoCompl- LLActRep+
[    1.746430] Already setup the GSI :21
[    1.748530] pcieport 0000:00:01.3: PME: Signaling with IRQ 41
[    1.749803] pcieport 0000:00:01.3: AER: enabled with IRQ 41
[    1.750901] pcieport 0000:00:01.3: pciehp: Slot #0 AttnBtn+ PwrCtrl+ MRL- AttnInd+ PwrInd+ HotPlug+ Surprise+ Interlock+ NoCompl- LLActRep+
[    1.753582] Already setup the GSI :21
[    1.755685] pcieport 0000:00:01.4: PME: Signaling with IRQ 42
[    1.756952] pcieport 0000:00:01.4: AER: enabled with IRQ 42
[    1.758449] pcieport 0000:00:01.4: pciehp: Slot #0 AttnBtn+ PwrCtrl+ MRL- AttnInd+ PwrInd+ HotPlug+ Surprise+ Interlock+ NoCompl- LLActRep+
[    1.764596] Already setup the GSI :21
[    1.766319] pcieport 0000:00:01.5: PME: Signaling with IRQ 43
[    1.767629] pcieport 0000:00:01.5: AER: enabled with IRQ 43
[    1.768745] pcieport 0000:00:01.5: pciehp: Slot #0 AttnBtn+ PwrCtrl+ MRL- AttnInd+ PwrInd+ HotPlug+ Surprise+ Interlock+ NoCompl- LLActRep+
[    1.771466] Already setup the GSI :21
[    1.773229] pcieport 0000:00:01.6: PME: Signaling with IRQ 44
[    1.774497] pcieport 0000:00:01.6: AER: enabled with IRQ 44
[    1.775604] pcieport 0000:00:01.6: pciehp: Slot #0 AttnBtn+ PwrCtrl+ MRL- AttnInd+ PwrInd+ HotPlug+ Surprise+ Interlock+ NoCompl- LLActRep+
[    1.778808] Already setup the GSI :21
[    1.780491] pcieport 0000:00:01.7: PME: Signaling with IRQ 45
[    1.781786] pcieport 0000:00:01.7: AER: enabled with IRQ 45
[    1.782896] pcieport 0000:00:01.7: pciehp: Slot #0 AttnBtn+ PwrCtrl+ MRL- AttnInd+ PwrInd+ HotPlug+ Surprise+ Interlock+ NoCompl- LLActRep+
[    1.785594] PCI Interrupt Link [GSIG] enabled at IRQ 22
[    1.787536] pcieport 0000:00:02.0: PME: Signaling with IRQ 46
[    1.788807] pcieport 0000:00:02.0: AER: enabled with IRQ 46
[    1.789936] pcieport 0000:00:02.0: pciehp: Slot #0 AttnBtn+ PwrCtrl+ MRL- AttnInd+ PwrInd+ HotPlug+ Surprise+ Interlock+ NoCompl- LLActRep+
[    1.792629] Already setup the GSI :22
[    1.794361] pcieport 0000:00:02.1: PME: Signaling with IRQ 47
[    1.795618] pcieport 0000:00:02.1: AER: enabled with IRQ 47
[    1.796731] pcieport 0000:00:02.1: pciehp: Slot #0 AttnBtn+ PwrCtrl+ MRL- AttnInd+ PwrInd+ HotPlug+ Surprise+ Interlock+ NoCompl- LLActRep+
[    1.799840] Already setup the GSI :22
[    1.801522] pcieport 0000:00:02.2: PME: Signaling with IRQ 48
[    1.802782] pcieport 0000:00:02.2: AER: enabled with IRQ 48
[    1.803888] pcieport 0000:00:02.2: pciehp: Slot #0 AttnBtn+ PwrCtrl+ MRL- AttnInd+ PwrInd+ HotPlug+ Surprise+ Interlock+ NoCompl- LLActRep+
[    1.806604] Already setup the GSI :22
[    1.808329] pcieport 0000:00:02.3: PME: Signaling with IRQ 49
[    1.809601] pcieport 0000:00:02.3: AER: enabled with IRQ 49
[    1.810702] pcieport 0000:00:02.3: pciehp: Slot #0 AttnBtn+ PwrCtrl+ MRL- AttnInd+ PwrInd+ HotPlug+ Surprise+ Interlock+ NoCompl- LLActRep+
[    1.813411] Already setup the GSI :22
[    1.815124] pcieport 0000:00:02.4: PME: Signaling with IRQ 50
[    1.816380] pcieport 0000:00:02.4: AER: enabled with IRQ 50
[    1.817510] pcieport 0000:00:02.4: pciehp: Slot #0 AttnBtn+ PwrCtrl+ MRL- AttnInd+ PwrInd+ HotPlug+ Surprise+ Interlock+ NoCompl- LLActRep+
[    1.820665] Already setup the GSI :22
[    1.822315] pcieport 0000:00:02.5: PME: Signaling with IRQ 51
[    1.823572] pcieport 0000:00:02.5: AER: enabled with IRQ 51
[    1.824669] pcieport 0000:00:02.5: pciehp: Slot #0 AttnBtn+ PwrCtrl+ MRL- AttnInd+ PwrInd+ HotPlug+ Surprise+ Interlock+ NoCompl- LLActRep+
[    1.827357] Already setup the GSI :22
[    1.829021] pcieport 0000:00:02.6: PME: Signaling with IRQ 52
[    1.830296] pcieport 0000:00:02.6: AER: enabled with IRQ 52
[    1.831396] pcieport 0000:00:02.6: pciehp: Slot #0 AttnBtn+ PwrCtrl+ MRL- AttnInd+ PwrInd+ HotPlug+ Surprise+ Interlock+ NoCompl- LLActRep+
[    1.834568] shpchp 0000:09:00.0: HPC vendor_id 1b36 device_id e ss_vid 0 ss_did 0
[    1.836096] Already setup the GSI :22
[    1.838288] shpchp: Standard Hot Plug PCI Controller Driver version: 0.4
[    1.839629] input: Power Button as /devices/LNXSYSTM:00/LNXPWRBN:00/input/input0
[    1.841517] ACPI: Power Button [PWRF]
[    1.842542] Already setup the GSI :21
[    1.844107] Already setup the GSI :21
[    1.845660] Already setup the GSI :21
[    1.847189] Already setup the GSI :21
[    1.848608] Already setup the GSI :21
[    1.850170] Already setup the GSI :21
[    1.851658] Already setup the GSI :21
[    1.853153] Already setup the GSI :22
[    1.854971] xen_mcelog: /dev/mcelog registered by Xen
[    1.856084] Serial: 8250/16550 driver, 32 ports, IRQ sharing enabled
[    1.862486] Linux agpgart interface v0.103
[    1.989418] loop: module loaded
[    1.994024] Invalid max_queues (4), will use default max: 2.
[    1.999747] tun: Universal TUN/TAP device driver, 1.6
[    2.001011] PPP generic driver version 2.4.2
[    2.002029] xen_netfront: Initialising Xen virtual ethernet driver
[    2.003378] VFIO - User Level meta-driver version: 0.3
[    2.004587] ehci_hcd: USB 2.0 'Enhanced' Host Controller (EHCI) Driver
[    2.006002] ehci-pci: EHCI PCI platform driver
[    2.006987] ehci-platform: EHCI generic platform driver
[    2.008134] ohci_hcd: USB 1.1 'Open' Host Controller (OHCI) Driver
[    2.009433] ohci-pci: OHCI PCI platform driver
[    2.010433] ohci-platform: OHCI generic platform driver
[    2.011600] uhci_hcd: USB Universal Host Controller Interface driver
[    2.013133] Already setup the GSI :21
[    2.014397] xhci_hcd 0000:03:00.0: xHCI Host Controller
[    2.015575] xhci_hcd 0000:03:00.0: new USB bus registered, assigned bus number 1
[    2.017388] xhci_hcd 0000:03:00.0: hcc params 0x00087001 hci version 0x100 quirks 0x0000000000000010
[    2.019990] xhci_hcd 0000:03:00.0: xHCI Host Controller
[    2.021131] xhci_hcd 0000:03:00.0: new USB bus registered, assigned bus number 2
[    2.022676] xhci_hcd 0000:03:00.0: Host supports USB 3.0 SuperSpeed
[    2.024093] usb usb1: New USB device found, idVendor=1d6b, idProduct=0002, bcdDevice= 5.04
[    2.025921] usb usb1: New USB device strings: Mfr=3, Product=2, SerialNumber=1
[    2.027414] usb usb1: Product: xHCI Host Controller
[    2.028485] usb usb1: Manufacturer: Linux 5.4.0-190-generic xhci-hcd
[    2.029901] usb usb1: SerialNumber: 0000:03:00.0
[    2.031059] hub 1-0:1.0: USB hub found
[    2.031999] hub 1-0:1.0: 15 ports detected
[    2.033209] usb usb2: We don't know the algorithms for LPM for this host, disabling LPM.
[    2.034776] usb usb2: New USB device found, idVendor=1d6b, idProduct=0003, bcdDevice= 5.04
[    2.036345] usb usb2: New USB device strings: Mfr=3, Product=2, SerialNumber=1
[    2.037738] usb usb2: Product: xHCI Host Controller
[    2.038705] usb usb2: Manufacturer: Linux 5.4.0-190-generic xhci-hcd
[    2.039935] usb usb2: SerialNumber: 0000:03:00.0
[    2.040934] hub 2-0:1.0: USB hub found
[    2.041771] hub 2-0:1.0: 15 ports detected
[    2.042937] i8042: PNP: PS/2 Controller [PNP0303:KBD,PNP0f13:MOU] at 0x60,0x64 irq 1,12
[    2.045157] serio: i8042 KBD port at 0x60,0x64 irq 1
[    2.046145] serio: i8042 AUX port at 0x60,0x64 irq 12
[    2.047218] mousedev: PS/2 mouse device common for all mice
[    2.048468] rtc_cmos 00:03: RTC can wake from S4
[    2.049689] input: AT Translated Set 2 keyboard as /devices/platform/i8042/serio0/input/input1
[    2.051549] rtc_cmos 00:03: registered as rtc0
[    2.052445] rtc_cmos 00:03: alarms up to one day, y3k, 242 bytes nvram
[    2.053701] i2c /dev entries driver
[    2.054452] device-mapper: uevent: version 1.0.3
[    2.055410] device-mapper: ioctl: 4.41.0-ioctl (2019-09-16) initialised: dm-devel@redhat.com
[    2.057009] platform eisa.0: Probing EISA bus 0
[    2.057919] platform eisa.0: EISA: Cannot allocate resource for mainboard
[    2.059200] platform eisa.0: Cannot allocate resource for EISA slot 1
[    2.060438] platform eisa.0: Cannot allocate resource for EISA slot 2
[    2.061682] platform eisa.0: Cannot allocate resource for EISA slot 3
[    2.062906] platform eisa.0: Cannot allocate resource for EISA slot 4
[    2.064129] platform eisa.0: Cannot allocate resource for EISA slot 5
[    2.065372] platform eisa.0: Cannot allocate resource for EISA slot 6
[    2.066593] platform eisa.0: Cannot allocate resource for EISA slot 7
[    2.067821] platform eisa.0: Cannot allocate resource for EISA slot 8
[    2.069058] platform eisa.0: EISA: Detected 0 cards
[    2.070037] intel_pstate: CPU model not supported
[    2.071039] ledtrig-cpu: registered to indicate activity on CPUs
[    2.072223] drop_monitor: Initializing network drop monitor service
[    2.073511] NET: Registered protocol family 10
[    2.083474] Segment Routing with IPv6
[    2.084261] NET: Registered protocol family 17
[    2.085250] Key type dns_resolver registered
[    2.086215] mce: Unable to init device /dev/mcelog, already registered
[    2.086231] RAS: Correctable Errors collector initialized.
[    2.088563] IPI shorthand broadcast: enabled
[    2.089458] sched_clock: Marking stable (1940224608, 149220519)->(2136761827, -47316700)
[    2.091275] registered taskstats version 1
[    2.092113] Loading compiled-in X.509 certificates
[    2.093442] Loaded X.509 cert 'Build time autogenerated kernel key: e6d224061341b2c82fb3203ca4502f6be15a68a8'
[    2.095533] Loaded X.509 cert 'Canonical Ltd. Live Patch Signing: 14df34d1a87cf37625abec039ef2bf521249b969'
[    2.097625] Loaded X.509 cert 'Canonical Ltd. Kernel Module Signing: 88f752e560a1e0737e31163a466ad7b70a850c19'
[    2.099491] blacklist: Loading compiled-in revocation X.509 certificates
[    2.100769] Loaded X.509 cert 'Canonical Ltd. Secure Boot Signing: 61482aa2830d0ab2ad5af10b7250da9033ddcef0'
[    2.102615] Loaded X.509 cert 'Canonical Ltd. Secure Boot Signing (2017): 242ade75ac4a15e50d50c84b0d45ff3eae707a03'
[    2.104536] Loaded X.509 cert 'Canonical Ltd. Secure Boot Signing (ESM 2018): 365188c1d374d6b07c3c8f240f8ef722433d6a8b'
[    2.106543] Loaded X.509 cert 'Canonical Ltd. Secure Boot Signing (2019): c0746fd6c5da3ae827864651ad66ae47fe24b3e8'
[    2.108470] Loaded X.509 cert 'Canonical Ltd. Secure Boot Signing (2021 v1): a8d54bbb3825cfb94fa13c9f8a594a195c107b8d'
[    2.110449] Loaded X.509 cert 'Canonical Ltd. Secure Boot Signing (2021 v2): 4cf046892d6fd3c9a5b03f98d845f90851dc6a8c'
[    2.112419] Loaded X.509 cert 'Canonical Ltd. Secure Boot Signing (2021 v3): 100437bb6de6e469b581e61cd66bce3ef4ed53af'
[    2.114427] Loaded X.509 cert 'Canonical Ltd. Secure Boot Signing (Ubuntu Core 2019): c1d57b8f6b743f23ee41f4f7ee292f06eecadfb9'
[    2.116541] zswap: loaded using pool lzo/zbud
[    2.117554] Key type ._fscrypt registered
[    2.118368] Key type .fscrypt registered
[    2.127239] Key type big_key registered
[    2.131982] Key type encrypted registered
[    2.132803] AppArmor: AppArmor sha1 policy hashing enabled
[    2.137543] ima: No TPM chip found, activating TPM-bypass!
[    2.138610] ima: Allocated hash algorithm: sha1
[    2.139511] ima: No architecture policies found
[    2.140413] evm: Initialising EVM extended attributes:
[    2.141423] evm: security.selinux
[    2.142120] evm: security.SMACK64
[    2.142826] evm: security.SMACK64EXEC
[    2.143593] evm: security.SMACK64TRANSMUTE
[    2.144428] evm: security.SMACK64MMAP
[    2.145192] evm: security.apparmor
[    2.145923] evm: security.ima
[    2.146572] evm: security.capability
[    2.147321] evm: HMAC attrs: 0x1
[    2.148220] PM:   Magic number: 4:214:398
[    2.149141] rtc_cmos 00:03: setting system clock to 2024-08-02T21:22:34 UTC (1722633754)
[    2.150721] BIOS EDD facility v0.16 2004-Jun-25, 1 devices found
[    2.151893] clk: Disabling unused clocks
[    2.155006] Freeing unused decrypted memory: 2040K
[    2.156810] Freeing unused kernel image memory: 2772K
[    2.173250] Write protecting the kernel read-only data: 26624k
[    2.183483] Freeing unused kernel image memory: 2036K
[    2.184723] Freeing unused kernel image memory: 932K
[    2.197466] x86/mm: Checked W+X mappings: passed, no W+X pages found.
[    2.198678] Run /init as init process
[    2.222772] systemd-udevd[173]: Starting version 245.4-4ubuntu3.23
[    2.226322] systemd-udevd[174]: /usr/lib/udev/rules.d/50-udev-default.rules:24 The line takes no effect, ignoring.
[    2.228293] systemd-udevd[174]: /usr/lib/udev/rules.d/50-udev-default.rules:25 The line takes no effect, ignoring.
[    2.231310] systemd-udevd[174]: /usr/lib/udev/rules.d/50-udev-default.rules:29 The line takes no effect, ignoring.
[    2.233282] systemd-udevd[174]: /usr/lib/udev/rules.d/50-udev-default.rules:32 The line takes no effect, ignoring.
[    2.235199] systemd-udevd[174]: /usr/lib/udev/rules.d/50-udev-default.rules:33 The line takes no effect, ignoring.
[    2.237118] systemd-udevd[174]: /usr/lib/udev/rules.d/50-udev-default.rules:34 The line takes no effect, ignoring.
[    2.239053] systemd-udevd[174]: /usr/lib/udev/rules.d/50-udev-default.rules:35 The line takes no effect, ignoring.
[    2.240989] systemd-udevd[174]: /usr/lib/udev/rules.d/50-udev-default.rules:36 The line takes no effect, ignoring.
[    2.242910] systemd-udevd[174]: /usr/lib/udev/rules.d/50-udev-default.rules:37 The line takes no effect, ignoring.
[    2.316641] virtio_blk virtio3: [vda] 167772160 512-byte logical blocks (85.9 GB/80.0 GiB)
[    2.323006] lpc_ich 0000:00:1f.0: I/O space for GPIO uninitialized
[    2.326144] PCI Interrupt Link [GSIA] enabled at IRQ 16
[    2.327512] i801_smbus 0000:00:1f.3: SMBus using PCI interrupt
[    2.342155] cryptd: max_cpu_qlen set to 1000
[    2.345397] Already setup the GSI :16
[    2.346688] SSE version of gcm_enc/dec engaged.
[    2.351959]  vda: vda1 vda2 vda3
[    2.353325] ahci 0000:00:1f.2: AHCI 0001.0000 32 slots 6 ports 1.5 Gbps 0x3f impl SATA mode
[    2.354921] ahci 0000:00:1f.2: flags: 64bit ncq only 
[    2.365985] virtio_blk virtio4: [vdb] 629145600 512-byte logical blocks (322 GB/300 GiB)
[    2.369551] scsi host0: ahci
[    2.374507] cirrus 0000:0a:01.0: remove_conflicting_pci_framebuffers: bar 0: 0xf8000000 -> 0xf9ffffff
[    2.376284] cirrus 0000:0a:01.0: remove_conflicting_pci_framebuffers: bar 1: 0xfca10000 -> 0xfca10fff
[    2.378437] scsi host1: ahci
[    2.386053] scsi host2: ahci
[    2.393590] cirrus 0000:0a:01.0: vgaarb: deactivate vga console
[    2.397506] scsi host3: ahci
[    2.405671] scsi host4: ahci
[    2.405745] virtio_net virtio1 enp2s0: renamed from eth1
[    2.408114] scsi host5: ahci
[    2.408149] ata1: SATA max UDMA/133 abar m4096@0xfea0f000 port 0xfea0f100 irq 69
[    2.408153] ata2: SATA max UDMA/133 abar m4096@0xfea0f000 port 0xfea0f180 irq 69
[    2.408156] ata3: SATA max UDMA/133 abar m4096@0xfea0f000 port 0xfea0f200 irq 69
[    2.408159] ata4: SATA max UDMA/133 abar m4096@0xfea0f000 port 0xfea0f280 irq 69
[    2.408162] ata5: SATA max UDMA/133 abar m4096@0xfea0f000 port 0xfea0f300 irq 69
[    2.408165] ata6: SATA max UDMA/133 abar m4096@0xfea0f000 port 0xfea0f380 irq 69
[    2.411858] Console: switching to colour dummy device 80x25
[    2.413847] virtio_net virtio0 enp1s0: renamed from eth0
[    2.422809] [drm] Initialized cirrus 2.0.0 2019 for 0000:0a:01.0 on minor 0
[    2.424175] fbcon: cirrusdrmfb (fb0) is primary device
[    2.426699] Console: switching to colour frame buffer device 128x48
[    2.430805] cirrus 0000:0a:01.0: fb0: cirrusdrmfb frame buffer device
[    2.441867] virtio_blk virtio7: [vdc] 104857600 512-byte logical blocks (53.7 GB/50.0 GiB)
[    2.720643] ata5: SATA link down (SStatus 0 SControl 300)
[    2.726314] ata1: SATA link up 1.5 Gbps (SStatus 113 SControl 300)
[    2.735227] ata4: SATA link down (SStatus 0 SControl 300)
[    2.741094] ata6: SATA link down (SStatus 0 SControl 300)
[    2.745417] ata2: SATA link down (SStatus 0 SControl 300)
[    2.748164] ata3: SATA link down (SStatus 0 SControl 300)
[    2.750492] clocksource: tsc: mask: 0xffffffffffffffff max_cycles: 0x23fa7ec29e6, max_idle_ns: 440795214074 ns
[    2.750570] ata1.00: ATAPI: QEMU DVD-ROM, 2.5+, max UDMA/100
[    2.753988] ata1.00: applying bridge limits
[    2.755141] clocksource: Switched to clocksource tsc
[    2.755193] ata1.00: configured for UDMA/100
[    2.757104] scsi 0:0:0:0: CD-ROM            QEMU     QEMU DVD-ROM     2.5+ PQ: 0 ANSI: 5
[    2.781840] sr 0:0:0:0: [sr0] scsi3-mmc drive: 4x/4x cd/rw xa/form2 tray
[    2.788509] cdrom: Uniform CD-ROM driver Revision: 3.20
[    2.825643] sr 0:0:0:0: Attached scsi generic sg0 type 5
[    3.403850] input: ImExPS/2 Generic Explorer Mouse as /devices/platform/i8042/serio1/input/input3
[    4.021276] raid6: sse2x4   gen() 33862 MB/s
[    4.069271] raid6: sse2x4   xor() 14194 MB/s
[    4.117274] raid6: sse2x2   gen() 30942 MB/s
[    4.165273] raid6: sse2x2   xor() 18406 MB/s
[    4.213274] raid6: sse2x1   gen() 25433 MB/s
[    4.261272] raid6: sse2x1   xor() 16369 MB/s
[    4.261966] raid6: using algorithm sse2x4 gen() 33862 MB/s
[    4.262851] raid6: .... xor() 14194 MB/s, rmw enabled
[    4.263712] raid6: using ssse3x2 recovery algorithm
[    4.265619] xor: measuring software checksum speed
[    4.305223]    prefetch64-sse: 39621.000 MB/sec
[    4.345222]    generic_sse: 36668.000 MB/sec
[    4.345954] xor: using function: prefetch64-sse (39621.000 MB/sec)
[    4.347671] async_tx: api initialized (async)
[    4.470192] Btrfs loaded, crc32c=crc32c-intel
[    4.768121] EXT4-fs (dm-0): mounted filesystem with ordered data mode. Opts: (null)
[    4.883094] printk: systemd-udevd: 32 output lines suppressed due to ratelimiting
[    5.768617] systemd[1]: Inserted module 'autofs4'
[    5.875292] systemd[1]: systemd 245.4-4ubuntu3.23 running in system mode. (+PAM +AUDIT +SELINUX +IMA +APPARMOR +SMACK +SYSVINIT +UTMP +LIBCRYPTSETUP +GCRYPT +GNUTLS +ACL +XZ +LZ4 +SECCOMP +BLKID +ELFUTILS +KMOD +IDN2 -IDN +PCRE2 default-hierarchy=hybrid)
[    5.896505] systemd[1]: Detected architecture x86-64.
[    5.920774] systemd[1]: Set hostname to <l1v418>.
[    6.973199] systemd[1]: Configuration file /run/systemd/system/netplan-ovs-cleanup.service is marked world-inaccessible. This has no effect as configuration data is accessible via APIs without restrictions. Proceeding anyway.
[    7.329898] systemd[1]: Created slice system-modprobe.slice.
[    7.333029] systemd[1]: Created slice system-serial\x2dgetty.slice.
[    7.335429] systemd[1]: Created slice system-systemd\x2dfsck.slice.
[    7.337702] systemd[1]: Created slice User and Session Slice.
[    7.339279] systemd[1]: Started Forward Password Requests to Wall Directory Watch.
[    7.342515] systemd[1]: Set up automount Arbitrary Executable File Formats File System Automount Point.
[    7.344721] systemd[1]: Reached target User and Group Name Lookups.
[    7.346463] systemd[1]: Reached target Slices.
[    7.347888] systemd[1]: Reached target Mounting snaps.
[    7.349328] systemd[1]: Listening on Device-mapper event daemon FIFOs.
[    7.351044] systemd[1]: Listening on LVM2 poll daemon socket.
[    7.353849] systemd[1]: Listening on multipathd control socket.
[    7.355829] systemd[1]: Listening on Syslog Socket.
[    7.357100] systemd[1]: Listening on fsck to fsckd communication Socket.
[    7.360272] systemd[1]: Listening on initctl Compatibility Named Pipe.
[    7.362985] systemd[1]: Listening on Journal Audit Socket.
[    7.365322] systemd[1]: Listening on Journal Socket (/dev/log).
[    7.367326] systemd[1]: Listening on Journal Socket.
[    7.369165] systemd[1]: Listening on Network Service Netlink Socket.
[    7.370358] systemd[1]: Listening on udev Control Socket.
[    7.371451] systemd[1]: Listening on udev Kernel Socket.
[    7.372596] systemd[1]: Condition check resulted in Huge Pages File System being skipped.
[    7.375526] systemd[1]: Mounting POSIX Message Queue File System...
[    7.378629] systemd[1]: Mounting Mount /proc/xen files...
[    7.381805] systemd[1]: Mounting Kernel Debug File System...
[    7.385046] systemd[1]: Mounting Kernel Trace File System...
[    7.391247] systemd[1]: Starting Journal Service...
[    7.394174] systemd[1]: Starting Set the console keyboard layout...
[    7.397193] systemd[1]: Starting Create list of static device nodes for the current kernel...
[    7.400453] systemd[1]: Starting Monitoring of LVM2 mirrors, snapshots etc. using dmeventd or progress polling...
[    7.406108] systemd[1]: Starting Load Kernel Module chromeos_pstore...
[    7.407992] systemd[1]: Condition check resulted in Load Kernel Module drm being skipped.
[    7.412702] systemd[1]: Starting Load Kernel Module efi_pstore...
[    7.415582] systemd[1]: Starting Load Kernel Module pstore_blk...
[    7.418467] systemd[1]: Starting Load Kernel Module pstore_zone...
[    7.424615] systemd[1]: Starting Load Kernel Module ramoops...
[    7.429429] systemd[1]: Condition check resulted in OpenVSwitch configuration for cleanup being skipped.
[    7.432561] systemd[1]: Condition check resulted in Set Up Additional Binary Formats being skipped.
[    7.434081] systemd[1]: Condition check resulted in File System Check on Root Device being skipped.
[    7.496193] systemd[1]: Starting Load Kernel Modules...
[    7.498466] systemd[1]: Starting Remount Root and Kernel File Systems...
[    7.500810] systemd[1]: Starting udev Coldplug all Devices...
[    7.506357] systemd[1]: Starting Uncomplicated firewall...
[    7.509642] systemd[1]: Mounted POSIX Message Queue File System.
[    7.511478] systemd[1]: Mounted Mount /proc/xen files.
[    7.513178] systemd[1]: Mounted Kernel Debug File System.
[    7.515027] systemd[1]: Mounted Kernel Trace File System.
[    7.518714] systemd[1]: Finished Create list of static device nodes for the current kernel.
[    7.521644] systemd[1]: Finished Monitoring of LVM2 mirrors, snapshots etc. using dmeventd or progress polling.
[    7.524205] systemd[1]: modprobe@chromeos_pstore.service: Succeeded.
[    7.526966] systemd[1]: Finished Load Kernel Module chromeos_pstore.
[    7.529091] systemd[1]: modprobe@efi_pstore.service: Succeeded.
[    7.532463] systemd[1]: Finished Load Kernel Module efi_pstore.
[    7.534562] systemd[1]: modprobe@pstore_blk.service: Succeeded.
[    7.537254] systemd[1]: Finished Load Kernel Module pstore_blk.
[    7.539151] systemd[1]: modprobe@pstore_zone.service: Succeeded.
[    7.543541] systemd[1]: Finished Load Kernel Module pstore_zone.
[    7.547314] systemd[1]: Finished Uncomplicated firewall.
[    7.555877] systemd[1]: modprobe@ramoops.service: Succeeded.
[    7.557129] systemd[1]: Finished Load Kernel Module ramoops.
[    7.571312] EXT4-fs (dm-0): re-mounted. Opts: (null)
[    7.573772] xen:xen_evtchn: Event-channel device installed
[    7.577499] systemd[1]: Finished Remount Root and Kernel File Systems.
[    7.579893] systemd[1]: Activating swap /swap.img...
[    7.587931] systemd[1]: Condition check resulted in Rebuild Hardware Database being skipped.
[    7.589405] systemd[1]: Condition check resulted in Platform Persistent Storage Archival being skipped.
[    7.590511] systemd[1]: Starting Load/Save Random Seed...
[    7.608546] systemd[1]: Starting Create System Users...
[    7.611113] systemd[1]: Finished Set the console keyboard layout.
[    7.620057] systemd[1]: Started Journal Service.
[    7.660985] systemd-journald[425]: Received client request to flush runtime journal.
[    7.698599] xen_pciback: backend is vpci
[    7.749492] Adding 2097148k swap on /swap.img.  Priority:-2 extents:4 across:2244604k FS

Ubuntu 20.04.6 LTS l1v418 hvc0

l1v418 login: (XEN) common/grant_table.c:1909:d1v0 Expanding d1 grant table from 1 to 2 frames
(XEN) MCE: d1v0: rd MCG_CAP 0x1000c02
(XEN) MCE: d1v0: rd MCG_CAP 0x1000c02
(XEN) MCE: d1v0: wr MC0_STATUS 0
(XEN) MCE: d1v0: wr MC1_STATUS 0
(XEN) MCE: d1v0: rd MCG_CAP 0x1000c02
(XEN) common/grant_table.c:1909:d2v0 Expanding d2 grant table from 1 to 5 frames
(XEN) MCE: d2v0: rd MCG_CAP 0x1000c02
(XEN) MCE: d2v0: rd MCG_CAP 0x1000c02
(XEN) MCE: d2v0: rd MCG_CAP 0x1000c02
(XEN) MCE: d2v0: wr MC0_STATUS 0
(XEN) MCE: d2v0: wr MC1_STATUS 0
(XEN) MCE: d1v0: rd MCG_CAP 0x1000c02
(XEN) common/kernel.c:746- Address mode is 'Linear'!
(XEN) Pagetable walk from ffff830375ee60e0:
(XEN)  L4[0x106] = 800000007f6a7063 ffffffffffffffff
(XEN)  L3[0x00d] = 0000000375f28063 ffffffffffffffff
(XEN)  L2[0x1af] = 0000000375f1f063 ffffffffffffffff
(XEN)  L1[0x0e6] = 8000000375ee6163 ffffffffffffffff
(XEN) common/kernel.c:763- Actiong is 'WRITE'!
(XEN) common/kernel.c:764- 4 bytes (buff) ffff8800049ffed4 to (dst_maddr) ffff830375ee60e0
(XEN) d	ffff830375ee60e0 
(XEN) common/kernel.c:789- Done!
(XEN) *** DOUBLE FAULT ***
(XEN) ----[ Xen-4.18.1-pre  x86_64  debug=y  Tainted:   C    ]----
(XEN) CPU:    2
(XEN) RIP:    e033:[<00007f48645a1792>] 00007f48645a1792
(XEN) RFLAGS: 0000000000010202   CONTEXT: hypervisor
(XEN) rax: 0000000000008000   rbx: 0000000000000002   rcx: 0000000000000000
(XEN) rdx: 000000000000006d   rsi: 0000000000000040   rdi: 00007fff1c78d1d1
(XEN) rbp: 00007fff1c78d1d0   rsp: 00007fff1c78cff0   r8:  00007fff1c78d1d2
(XEN) r9:  30343034302d302e   r10: 0000000000000000   r11: 00007f48646a0150
(XEN) r12: 000000000042b5e6   r13: 00007fff1c78d1d0   r14: 00000000010a8110
(XEN) r15: 0000000000000003   cr0: 0000000080050033   cr4: 00000000003426a4
(XEN) cr3: 0000000377b60000   cr2: 00007fff1c78cfe8
(XEN) fsb: 00007f4865de1880   gsb: 0000000000000000   gss: ffff88007c400000
(XEN) ds: 0000   es: 0000   fs: 0000   gs: 0000   ss: e02b   cs: e033
(XEN) Current stack base 00007fff1c788000 differs from expected ffff830375ee8000
(XEN) Valid stack range: 00007fff1c78e000-00007fff1c790000, sp=00007fff1c78cff0, tss.rsp0=ffff830375eeffa0
(XEN) No stack overflow detected. Skipping stack trace.
(XEN) 
(XEN) ****************************************
(XEN) Panic on CPU 2:
(XEN) DOUBLE FAULT -- system shutdown
(XEN) ****************************************
(XEN) 
(XEN) Reboot in five seconds...
(XEN) Resetting with ACPI MEMORY or I/O RESET_REG.
 Xen 4.18.1-pre
(XEN) Xen version 4.18.1-pre (charles.fg@EFFECTOR) (gcc (Ubuntu 9.4.0-1ubuntu1~20.04.2) 9.4.0) debug=y Fri Aug  2 22:09:35 WEST 2024
(XEN) Latest ChangeSet: Wed Jul 24 14:53:27 2024 +0100 git:b7fc17dd65-dirty
(XEN) build-id: af94ffc7f83c28881afc33a2508d4d4187eb9d2d
(XEN) Console output is synchronous.
(XEN) Bootloader: GRUB 2.04-1ubuntu26.17
(XEN) Command line: placeholder dom0_mem=2048M,max:2048M loglvl=all guest_loglvl=all dom0_max_vcpus=2 sync_console mce_verbosity=verbose mce=off console=com1
(XEN) Xen image load base address: 0x7f200000
(XEN) Video information:
(XEN)  VGA is text mode 80x25, font 8x16
(XEN) Disc information:
(XEN)  Found 1 MBR signatures
(XEN)  Found 1 EDD information structures
(XEN) CPU Vendor: Intel, Family 6 (0x6), Model 191 (0xbf), Stepping 2 (raw 000b06f2)
(XEN) Xen-e820 RAM map:
(XEN)  [0000000000000000, 000000000009fbff] (usable)
(XEN)  [000000000009fc00, 000000000009ffff] (reserved)
(XEN)  [00000000000f0000, 00000000000fffff] (reserved)
(XEN)  [0000000000100000, 000000007ffdbfff] (usable)
(XEN)  [000000007ffdc000, 000000007fffffff] (reserved)
(XEN)  [00000000b0000000, 00000000bfffffff] (reserved)
(XEN)  [00000000fed1c000, 00000000fed1ffff] (reserved)
(XEN)  [00000000feffc000, 00000000feffffff] (reserved)
(XEN)  [00000000fffc0000, 00000000ffffffff] (reserved)
(XEN)  [0000000100000000, 00000003809fffff] (usable)
(XEN) ACPI: RSDP 000F5A70, 0014 (r0 BOCHS )
(XEN) ACPI: RSDT 7FFE1F64, 0034 (r1 BOCHS  BXPC            1 BXPC        1)
(XEN) ACPI: FACP 7FFE1D3C, 00F4 (r3 BOCHS  BXPC            1 BXPC        1)
(XEN) ACPI: DSDT 7FFDFBC0, 217C (r1 BOCHS  BXPC            1 BXPC        1)
(XEN) ACPI: FACS 7FFDFB80, 0040
(XEN) ACPI: APIC 7FFE1E30, 00D0 (r1 BOCHS  BXPC            1 BXPC        1)
(XEN) ACPI: MCFG 7FFE1F00, 003C (r1 BOCHS  BXPC            1 BXPC        1)
(XEN) ACPI: WAET 7FFE1F3C, 0028 (r1 BOCHS  BXPC            1 BXPC        1)
(XEN) System RAM: 12297MB (12592620kB)
(XEN) No NUMA configuration found
(XEN) Faking a node at 0000000000000000-0000000380a00000
(XEN) Domain heap initialised
(XEN) found SMP MP-table at 000f5ab0
(XEN) DMI 2.8 present.
(XEN) Using APIC driver bigsmp
(XEN) ACPI: PM-Timer IO Port: 0x608 (24 bits)
(XEN) ACPI: SLEEP INFO: pm1x_cnt[1:604,1:0], pm1x_evt[1:600,1:0]
(XEN) ACPI: 32/64X FACS address mismatch in FADT - 7ffdfb80/0000000000000000, using 32
(XEN) ACPI:             wakeup_vec[7ffdfb8c], vec_size[20]
(XEN) ACPI: Local APIC address 0xfee00000
(XEN) ACPI: IOAPIC (id[0x00] address[0xfec00000] gsi_base[0])
(XEN) IOAPIC[0]: apic_id 0, version 17, address 0xfec00000, GSI 0-23
(XEN) ACPI: INT_SRC_OVR (bus 0 bus_irq 0 global_irq 2 dfl dfl)
(XEN) ACPI: INT_SRC_OVR (bus 0 bus_irq 5 global_irq 5 high level)
(XEN) ACPI: INT_SRC_OVR (bus 0 bus_irq 9 global_irq 9 high level)
(XEN) ACPI: INT_SRC_OVR (bus 0 bus_irq 10 global_irq 10 high level)
(XEN) ACPI: INT_SRC_OVR (bus 0 bus_irq 11 global_irq 11 high level)
(XEN) ACPI: IRQ0 used by override.
(XEN) ACPI: IRQ2 used by override.
(XEN) ACPI: IRQ5 used by override.
(XEN) ACPI: IRQ9 used by override.
(XEN) ACPI: IRQ10 used by override.
(XEN) ACPI: IRQ11 used by override.
(XEN) PCI: MCFG configuration 0: base b0000000 segment 0000 buses 00 - ff
(XEN) PCI: MCFG area at b0000000 reserved in E820
(XEN) PCI: Using MCFG for segment 0000 bus 00-ff
(XEN) Using ACPI (MADT) for SMP configuration information
(XEN) SMP: Allowing 12 CPUs (0 hotplug CPUs)
(XEN) IRQ limits: 24 GSI, 2472 MSI/MSI-X
(XEN) Switched to APIC driver x2apic_mixed
(XEN) xstate: size: 0xa88 and states: 0x207
(XEN) MCE support disabled by bootparam
(XEN) Unrecognised CPU model 0xbf - assuming vulnerable to LazyFPU
(XEN) Mitigating GDS by disabling AVX while virtualised - protections are best-effort
(XEN) Speculative mitigation facilities:
(XEN)   Hardware hints: RDCL_NO EIBRS SKIP_L1DFL MDS_NO
(XEN)   Hardware features: IBPB IBRS STIBP SSBD MD_CLEAR
(XEN)   Compiled-in support: INDIRECT_THUNK SHADOW_PAGING
(XEN)   Xen settings: BTI-Thunk JMP, SPEC_CTRL: IBRS+ STIBP+ SSBD-, Other: IBPB-ctxt BRANCH_HARDEN
(XEN)   Support for HVM VMs: MSR_SPEC_CTRL MSR_VIRT_SPEC_CTRL RSB EAGER_FPU
(XEN)   Support for PV VMs: MSR_SPEC_CTRL EAGER_FPU
(XEN)   XPTI (64-bit PV only): Dom0 disabled, DomU disabled (without PCID)
(XEN)   PV L1TF shadowing: Dom0 disabled, DomU disabled
(XEN) Using scheduler: SMP Credit Scheduler rev2 (credit2)
(XEN) Initializing Credit2 scheduler
(XEN)  load_precision_shift: 18
(XEN)  load_window_shift: 30
(XEN)  underload_balance_tolerance: 0
(XEN)  overload_balance_tolerance: -3
(XEN)  runqueues arrangement: socket
(XEN)  cap enforcement granularity: 10ms
(XEN) load tracking window length 1073741824 ns
(XEN) Platform timer is 3.580MHz ACPI PM Timer
(XEN) Detected 2496.014 MHz processor.
(XEN) Freed 1024kB unused BSS memory
(XEN) alt table ffff82d040485f38 -> ffff82d040494114
(XEN) I/O virtualisation disabled
(XEN) nr_sockets: 12
(XEN) Enabling APIC mode.  Using 1 I/O APICs
(XEN) ENABLING IO-APIC IRQs
(XEN)  -> Using new ACK method
(XEN) ..TIMER: vector=0xF0 apic1=0 pin1=2 apic2=-1 pin2=-1
(XEN) TSC deadline timer enabled
(XEN) Allocated console ring of 128 KiB.
(XEN) mwait-idle: does not run on family 6 model 191
(XEN) VMX: Supported advanced features:
(XEN)  - APIC MMIO access virtualisation
(XEN)  - APIC TPR shadow
(XEN)  - Extended Page Tables (EPT)
(XEN)  - Virtual-Processor Identifiers (VPID)
(XEN)  - Virtual NMI
(XEN)  - MSR direct-access bitmap
(XEN)  - Unrestricted Guest
(XEN)  - APIC Register Virtualization
(XEN)  - Virtual Interrupt Delivery
(XEN)  - Posted Interrupt Processing
(XEN)  - VMCS shadowing
(XEN)  - VM Functions
(XEN)  - Page Modification Logging
(XEN)  - TSC Scaling
(XEN) HVM: ASIDs enabled.
(XEN) HVM: VMX enabled
(XEN) HVM: Hardware Assisted Paging (HAP) detected
(XEN) HVM: HAP page sizes: 4kB, 2MB, 1GB
(XEN) alt table ffff82d040485f38 -> ffff82d040494114
(XEN) Brought up 12 CPUs
(XEN) Scheduling granularity: cpu, 1 CPU per sched-resource
(XEN) Initializing Credit2 scheduler
(XEN)  load_precision_shift: 18
(XEN)  load_window_shift: 30
(XEN)  underload_balance_tolerance: 0
(XEN)  overload_balance_tolerance: -3
(XEN)  runqueues arrangement: socket
(XEN)  cap enforcement granularity: 10ms
(XEN) load tracking window length 1073741824 ns
(XEN) Adding cpu 0 to runqueue 0
(XEN)  First cpu on runqueue, activating
(XEN) Adding cpu 1 to runqueue 1
(XEN)  First cpu on runqueue, activating
(XEN) Adding cpu 2 to runqueue 2
(XEN)  First cpu on runqueue, activating
(XEN) Adding cpu 3 to runqueue 3
(XEN)  First cpu on runqueue, activating
(XEN) Adding cpu 4 to runqueue 4
(XEN)  First cpu on runqueue, activating
(XEN) Adding cpu 5 to runqueue 5
(XEN)  First cpu on runqueue, activating
(XEN) Adding cpu 6 to runqueue 6
(XEN)  First cpu on runqueue, activating
(XEN) Adding cpu 7 to runqueue 7
(XEN)  First cpu on runqueue, activating
(XEN) Adding cpu 8 to runqueue 8
(XEN)  First cpu on runqueue, activating
(XEN) Adding cpu 9 to runqueue 9
(XEN)  First cpu on runqueue, activating
(XEN) Adding cpu 10 to runqueue 10
(XEN)  First cpu on runqueue, activating
(XEN) Adding cpu 11 to runqueue 11
(XEN)  First cpu on runqueue, activating
(XEN) Running stub recovery selftests...
(XEN) Fixup #UD[0000]: ffff82d07fffe044 [ffff82d07fffe044] -> ffff82d04038ddd1
(XEN) Fixup #GP[0000]: ffff82d07fffe045 [ffff82d07fffe045] -> ffff82d04038ddd1
(XEN) Fixup #SS[0000]: ffff82d07fffe044 [ffff82d07fffe044] -> ffff82d04038ddd1
(XEN) Fixup #BP[0000]: ffff82d07fffe045 [ffff82d07fffe045] -> ffff82d04038ddd1
(XEN) NX (Execute Disable) protection active
(XEN) Dom0 has maximum 440 PIRQs
(XEN) *** Building a PV Dom0 ***
(XEN) ELF: phdr: paddr=0x1000000 memsz=0x1916f0d
(XEN) ELF: phdr: paddr=0x2a00000 memsz=0x26f000
(XEN) ELF: phdr: paddr=0x2c6f000 memsz=0x33000
(XEN) ELF: phdr: paddr=0x2ca2000 memsz=0x195e000
(XEN) ELF: memory: 0x1000000 -> 0x4600000
(XEN) ELF: note: GUEST_OS = "linux"
(XEN) ELF: note: GUEST_VERSION = "2.6"
(XEN) ELF: note: XEN_VERSION = "xen-3.0"
(XEN) ELF: note: VIRT_BASE = 0xffffffff80000000
(XEN) ELF: note: INIT_P2M = 0x8000000000
(XEN) ELF: note: ENTRY = 0xffffffff82ca2180
(XEN) ELF: note: HYPERCALL_PAGE = 0xffffffff81002000
(XEN) ELF: note: FEATURES = "!writable_page_tables|pae_pgdir_above_4gb"
(XEN) ELF: note: SUPPORTED_FEATURES = 0x8801
(XEN) ELF: note: PAE_MODE = "yes"
(XEN) ELF: note: LOADER = "generic"
(XEN) ELF: note: L1_MFN_VALID = 0
(XEN) ELF: note: SUSPEND_CANCEL = 0x1
(XEN) ELF: note: MOD_START_PFN = 0x1
(XEN) ELF: note: HV_START_LOW = 0xffff800000000000
(XEN) ELF: note: PADDR_OFFSET = 0
(XEN) ELF: note: PHYS32_ENTRY = 0x1000470
(XEN) ELF: addresses:
(XEN)     virt_base        = 0xffffffff80000000
(XEN)     elf_paddr_offset = 0x0
(XEN)     virt_offset      = 0xffffffff80000000
(XEN)     virt_kstart      = 0xffffffff81000000
(XEN)     virt_kend        = 0xffffffff84600000
(XEN)     virt_entry       = 0xffffffff82ca2180
(XEN)     p2m_base         = 0x8000000000
(XEN)  Xen  kernel: 64-bit, lsb
(XEN)  Dom0 kernel: 64-bit, lsb, paddr 0x1000000 -> 0x4600000
(XEN) PHYSICAL MEMORY ARRANGEMENT:
(XEN)  Dom0 alloc.:   0000000360000000->0000000368000000 (469529 pages to be allocated)
(XEN)  Init. ramdisk: 000000037b419000->00000003809ffceb
(XEN) VIRTUAL MEMORY ARRANGEMENT:
(XEN)  Loaded kernel: ffffffff81000000->ffffffff84600000
(XEN)  Phys-Mach map: 0000008000000000->0000008000400000
(XEN)  Start info:    ffffffff84600000->ffffffff846004b8
(XEN)  Page tables:   ffffffff84601000->ffffffff84628000
(XEN)  Boot stack:    ffffffff84628000->ffffffff84629000
(XEN)  TOTAL:         ffffffff80000000->ffffffff84800000
(XEN)  ENTRY ADDRESS: ffffffff82ca2180
(XEN) Dom0 has maximum 2 VCPUs
(XEN) ELF: phdr 0 at 0xffffffff81000000 -> 0xffffffff82916f0d
(XEN) ELF: phdr 1 at 0xffffffff82a00000 -> 0xffffffff82c6f000
(XEN) ELF: phdr 2 at 0xffffffff82c6f000 -> 0xffffffff82ca2000
(XEN) ELF: phdr 3 at 0xffffffff82ca2000 -> 0xffffffff84600000
(XEN) Initial low memory virq threshold set at 0x4000 pages.
(XEN) Scrubbing Free RAM in background
(XEN) Std. Loglevel: All
(XEN) Guest Loglevel: All
(XEN) ***************************************************
(XEN) WARNING: CONSOLE OUTPUT IS SYNCHRONOUS
(XEN) This option is intended to aid debugging of Xen by ensuring
(XEN) that all output is synchronously delivered on the serial line.
(XEN) However it can introduce SIGNIFICANT latencies and affect
(XEN) timekeeping. It is NOT recommended for production use!
(XEN) ***************************************************
(XEN) 3... 2... 1... 
(XEN) *** Serial input to DOM0 (type 'CTRL-a' three times to switch input)
(XEN) Freed 656kB init memory
mapping kernel into physical memory
about to get started...
[    0.000000] Linux version 5.4.0-190-generic (buildd@lcy02-amd64-039) (gcc version 9.4.0 (Ubuntu 9.4.0-1ubuntu1~20.04.2)) #210-Ubuntu SMP Fri Jul 5 17:03:38 UTC 2024 (Ubuntu 5.4.0-190.210-generic 5.4.275)
[    0.000000] Command line: placeholder root=/dev/mapper/ubuntu--vg-ubuntu--lv ro console=ttyS0,115200n8--debug
[    0.000000] KERNEL supported cpus:
[    0.000000]   Intel GenuineIntel
[    0.000000]   AMD AuthenticAMD
[    0.000000]   Hygon HygonGenuine
[    0.000000]   Centaur CentaurHauls
[    0.000000]   zhaoxin   Shanghai  
[    0.000000] Released 0 page(s)
[    0.000000] BIOS-provided physical RAM map:
[    0.000000] Xen: [mem 0x0000000000000000-0x000000000009efff] usable
[    0.000000] Xen: [mem 0x000000000009fc00-0x00000000000fffff] reserved
[    0.000000] Xen: [mem 0x0000000000100000-0x000000007ffdbfff] usable
[    0.000000] Xen: [mem 0x000000007ffdc000-0x000000007fffffff] reserved
[    0.000000] Xen: [mem 0x00000000b0000000-0x00000000bfffffff] reserved
[    0.000000] Xen: [mem 0x00000000fec00000-0x00000000fec00fff] reserved
[    0.000000] Xen: [mem 0x00000000fed1c000-0x00000000fed1ffff] reserved
[    0.000000] Xen: [mem 0x00000000fee00000-0x00000000feefffff] reserved
[    0.000000] Xen: [mem 0x00000000feffc000-0x00000000feffffff] reserved
[    0.000000] Xen: [mem 0x00000000fffc0000-0x00000000ffffffff] reserved
[    0.000000] Xen: [mem 0x0000000100000000-0x0000000100084fff] usable
[    0.000000] NX (Execute Disable) protection: active
[    0.000000] SMBIOS 2.8 present.
[    0.000000] DMI: QEMU Standard PC (Q35 + ICH9, 2009), BIOS 1.15.0-1 04/01/2014
[    0.000000] Hypervisor detected: Xen PV
[    0.025130] tsc: Fast TSC calibration using PIT
[    0.025131] tsc: Detected 2496.023 MHz processor
[    0.025131] tsc: Detected 2496.014 MHz TSC
[    0.026290] last_pfn = 0x100085 max_arch_pfn = 0x400000000
[    0.026291] Disabled
[    0.026292] x86/PAT: MTRRs disabled, skipping PAT initialization too.
[    0.026294] x86/PAT: Configuration [0-7]: WB  WT  UC- UC  WC  WP  UC  UC  
[    0.026295] last_pfn = 0x7ffdc max_arch_pfn = 0x400000000
[    0.026346] check: Scanning 1 areas for low memory corruption
[    0.261447] RAMDISK: [mem 0x08000000-0x0d5e6fff]
[    0.261451] ACPI: Early table checksum verification disabled
[    0.261541] ACPI: RSDP 0x00000000000F5A70 000014 (v00 BOCHS )
[    0.261545] ACPI: RSDT 0x000000007FFE1F64 000034 (v01 BOCHS  BXPC     00000001 BXPC 00000001)
[    0.261552] ACPI: FACP 0x000000007FFE1D3C 0000F4 (v03 BOCHS  BXPC     00000001 BXPC 00000001)
[    0.261561] ACPI: DSDT 0x000000007FFDFBC0 00217C (v01 BOCHS  BXPC     00000001 BXPC 00000001)
[    0.261566] ACPI: FACS 0x000000007FFDFB80 000040
[    0.261570] ACPI: APIC 0x000000007FFE1E30 0000D0 (v01 BOCHS  BXPC     00000001 BXPC 00000001)
[    0.261575] ACPI: MCFG 0x000000007FFE1F00 00003C (v01 BOCHS  BXPC     00000001 BXPC 00000001)
[    0.261580] ACPI: WAET 0x000000007FFE1F3C 000028 (v01 BOCHS  BXPC     00000001 BXPC 00000001)
[    0.261583] ACPI: Reserving FACP table memory at [mem 0x7ffe1d3c-0x7ffe1e2f]
[    0.261584] ACPI: Reserving DSDT table memory at [mem 0x7ffdfbc0-0x7ffe1d3b]
[    0.261584] ACPI: Reserving FACS table memory at [mem 0x7ffdfb80-0x7ffdfbbf]
[    0.261585] ACPI: Reserving APIC table memory at [mem 0x7ffe1e30-0x7ffe1eff]
[    0.261585] ACPI: Reserving MCFG table memory at [mem 0x7ffe1f00-0x7ffe1f3b]
[    0.261585] ACPI: Reserving WAET table memory at [mem 0x7ffe1f3c-0x7ffe1f63]
[    0.261612] Setting APIC routing to Xen PV.
[    0.261627] NUMA turned off
[    0.261628] Faking a node at [mem 0x0000000000000000-0x0000000100084fff]
[    0.261632] NODE_DATA(0) allocated [mem 0x7ffaf000-0x7ffd9fff]
[    0.266206] Zone ranges:
[    0.266207]   DMA      [mem 0x0000000000001000-0x0000000000ffffff]
[    0.266207]   DMA32    [mem 0x0000000001000000-0x00000000ffffffff]
[    0.266208]   Normal   [mem 0x0000000100000000-0x0000000100084fff]
[    0.266208]   Device   empty
[    0.266209] Movable zone start for each node
[    0.266210] Early memory node ranges
[    0.266210]   node   0: [mem 0x0000000000001000-0x000000000009efff]
[    0.266211]   node   0: [mem 0x0000000000100000-0x000000007ffdbfff]
[    0.266212]   node   0: [mem 0x0000000100000000-0x0000000100084fff]
[    0.266353] Zeroed struct page in unavailable ranges: 32769 pages
[    0.266354] Initmem setup node 0 [mem 0x0000000000001000-0x0000000100084fff]
[    0.269533] p2m virtual area at (____ptrval____), size is 40000000
[    0.314471] Remapped 133 page(s)
[    0.315654] ACPI: PM-Timer IO Port: 0x608
[    0.315668] ACPI: LAPIC_NMI (acpi_id[0xff] dfl dfl lint[0x1])
[    0.315696] IOAPIC[0]: apic_id 0, version 17, address 0xfec00000, GSI 0-23
[    0.315699] ACPI: INT_SRC_OVR (bus 0 bus_irq 0 global_irq 2 dfl dfl)
[    0.315700] ACPI: INT_SRC_OVR (bus 0 bus_irq 5 global_irq 5 high level)
[    0.315701] ACPI: INT_SRC_OVR (bus 0 bus_irq 9 global_irq 9 high level)
[    0.315701] ACPI: INT_SRC_OVR (bus 0 bus_irq 10 global_irq 10 high level)
[    0.315702] ACPI: INT_SRC_OVR (bus 0 bus_irq 11 global_irq 11 high level)
[    0.315708] Using ACPI (MADT) for SMP configuration information
[    0.315710] smpboot: Allowing 12 CPUs, 0 hotplug CPUs
[    0.315717] PM: Registered nosave memory: [mem 0x00000000-0x00000fff]
[    0.315718] PM: Registered nosave memory: [mem 0x0009f000-0x0009ffff]
[    0.315719] PM: Registered nosave memory: [mem 0x000a0000-0x000fffff]
[    0.315719] PM: Registered nosave memory: [mem 0x7ffdc000-0x7fffffff]
[    0.315720] PM: Registered nosave memory: [mem 0x80000000-0xafffffff]
[    0.315720] PM: Registered nosave memory: [mem 0xb0000000-0xbfffffff]
[    0.315720] PM: Registered nosave memory: [mem 0xc0000000-0xfebfffff]
[    0.315720] PM: Registered nosave memory: [mem 0xfec00000-0xfec00fff]
[    0.315721] PM: Registered nosave memory: [mem 0xfec01000-0xfed1bfff]
[    0.315721] PM: Registered nosave memory: [mem 0xfed1c000-0xfed1ffff]
[    0.315721] PM: Registered nosave memory: [mem 0xfed20000-0xfedfffff]
[    0.315722] PM: Registered nosave memory: [mem 0xfee00000-0xfeefffff]
[    0.315722] PM: Registered nosave memory: [mem 0xfef00000-0xfeffbfff]
[    0.315722] PM: Registered nosave memory: [mem 0xfeffc000-0xfeffffff]
[    0.315723] PM: Registered nosave memory: [mem 0xff000000-0xfffbffff]
[    0.315723] PM: Registered nosave memory: [mem 0xfffc0000-0xffffffff]
